\BOOKMARK [1][-]{section.1}{\376\377\000I\000n\000t\000r\000o\000d\000u\000z\000i\000o\000n\000e}{}% 1
\BOOKMARK [2][-]{subsection.1.1}{\376\377\000O\000b\000i\000e\000t\000t\000i\000v\000i\000\040\000d\000e\000l\000\040\000s\000i\000s\000t\000e\000m\000a}{section.1}% 2
\BOOKMARK [2][-]{subsection.1.2}{\376\377\000D\000e\000f\000i\000n\000i\000z\000i\000o\000n\000i}{section.1}% 3
\BOOKMARK [1][-]{section.2}{\376\377\000S\000i\000s\000t\000e\000m\000a\000\040\000A\000t\000t\000u\000a\000l\000e}{}% 4
\BOOKMARK [1][-]{section.3}{\376\377\000S\000i\000s\000t\000e\000m\000a\000\040\000P\000r\000o\000p\000o\000s\000t\000o}{}% 5
\BOOKMARK [2][-]{subsection.3.1}{\376\377\000O\000v\000e\000r\000v\000i\000e\000w}{section.3}% 6
\BOOKMARK [2][-]{subsection.3.2}{\376\377\000R\000e\000q\000u\000i\000s\000i\000t\000i\000\040\000F\000u\000n\000z\000i\000o\000n\000a\000l\000i}{section.3}% 7
\BOOKMARK [2][-]{subsection.3.3}{\376\377\000R\000e\000q\000u\000i\000s\000i\000t\000i\000\040\000N\000o\000n\000\040\000F\000u\000n\000z\000i\000o\000n\000a\000l\000i}{section.3}% 8
\BOOKMARK [3][-]{subsubsection.3.3.1}{\376\377\000R\000e\000q\000u\000i\000s\000i\000t\000i\000\040\000D\000e\000l\000\040\000P\000r\000o\000d\000o\000t\000t\000o}{subsection.3.3}% 9
\BOOKMARK [3][-]{subsubsection.3.3.2}{\376\377\000S\000i\000c\000u\000r\000e\000z\000z\000a\000\040\000e\000\040\000P\000r\000i\000v\000a\000c\000y}{subsection.3.3}% 10
\BOOKMARK [3][-]{subsubsection.3.3.3}{\376\377\000U\000s\000a\000b\000i\000l\000i\000t\000\340}{subsection.3.3}% 11
\BOOKMARK [3][-]{subsubsection.3.3.4}{\376\377\000R\000e\000q\000u\000i\000s\000i\000t\000i\000\040\000O\000r\000g\000a\000n\000i\000z\000z\000a\000t\000i\000v\000i}{subsection.3.3}% 12
\BOOKMARK [3][-]{subsubsection.3.3.5}{\376\377\000C\000o\000n\000s\000i\000d\000e\000r\000a\000z\000i\000o\000n\000i\000\040\000L\000e\000g\000i\000s\000l\000a\000t\000i\000v\000e\000\040\000e\000\040\000C\000o\000n\000f\000o\000r\000m\000i\000t\000\340}{subsection.3.3}% 13
\BOOKMARK [1][-]{section.4}{\376\377\000M\000o\000d\000e\000l\000l\000i\000\040\000d\000e\000l\000\040\000s\000i\000s\000t\000e\000m\000a}{}% 14
\BOOKMARK [2][-]{subsection.4.1}{\376\377\000M\000o\000d\000e\000l\000l\000o\000\040\000d\000e\000i\000\040\000c\000a\000s\000i\000\040\000d\000'\000u\000s\000o}{section.4}% 15
\BOOKMARK [3][-]{subsubsection.4.1.1}{\376\377\000A\000t\000t\000o\000r\000i\000\040\000c\000o\000i\000n\000v\000o\000l\000t\000i}{subsection.4.1}% 16
\BOOKMARK [3][-]{subsubsection.4.1.2}{\376\377\000V\000i\000s\000t\000a\000\040\000d\000'\000i\000n\000s\000i\000e\000m\000e}{subsection.4.1}% 17
\BOOKMARK [3][-]{subsubsection.4.1.3}{\376\377\000M\000a\000c\000r\000o\000-\000c\000a\000s\000i\000\040\000d\000'\000u\000s\000o}{subsection.4.1}% 18
\BOOKMARK [4][-]{paragraph.4.1.3.1}{\376\377\000C\000o\000m\000p\000o\000r\000t\000a\000m\000e\000n\000t\000o\000\040\000e\000c\000c\000e\000z\000i\000o\000n\000a\000l\000e\000\040\000-\000\040\000C\000o\000m\000u\000n\000i\000c\000a\000z\000i\000o\000n\000e\000\040\000D\000B\000M\000S\000\040\000f\000a\000l\000l\000i\000t\000a}{subsubsection.4.1.3}% 19
\BOOKMARK [4][-]{paragraph.4.1.3.2}{\376\377\000N\000o\000t\000e\000\040\000d\000e\000i\000\040\000c\000a\000s\000i\000\040\000d\000'\000u\000s\000o}{subsubsection.4.1.3}% 20
\BOOKMARK [3][-]{subsubsection.4.1.4}{\376\377\000M\000a\000c\000r\000o\000-\000c\000a\000s\000o\000\040\000d\000'\000u\000s\000o\000\040\000-\000\040\000A\000u\000t\000e\000n\000t\000i\000c\000a\000z\000i\000o\000n\000e}{subsection.4.1}% 21
\BOOKMARK [4][-]{paragraph.4.1.4.1}{\376\377\000D\000i\000a\000g\000r\000a\000m\000m\000a\000\040\000U\000M\000L}{subsubsection.4.1.4}% 22
\BOOKMARK [4][-]{paragraph.4.1.4.2}{\376\377\000R\000e\000g\000i\000s\000t\000r\000a\000z\000i\000o\000n\000e\000\040\000M\000e\000m\000b\000r\000o\000\040\000A\000F\000A\000M}{subsubsection.4.1.4}% 23
\BOOKMARK [4][-]{paragraph.4.1.4.3}{\376\377\000L\000o\000g\000i\000n\000\040\000M\000e\000m\000b\000r\000o\000\040\000A\000F\000A\000M}{subsubsection.4.1.4}% 24
\BOOKMARK [4][-]{paragraph.4.1.4.4}{\376\377\000A\000u\000t\000e\000n\000t\000i\000c\000a\000z\000i\000o\000n\000e\000\040\000c\000o\000n\000\040\000I\000d\000e\000n\000t\000i\000t\000\340\000\040\000d\000i\000g\000i\000t\000a\000l\000e}{subsubsection.4.1.4}% 25
\BOOKMARK [4][-]{paragraph.4.1.4.5}{\376\377\000M\000o\000d\000i\000f\000i\000c\000a\000\040\000P\000a\000s\000s\000w\000o\000r\000d}{subsubsection.4.1.4}% 26
\BOOKMARK [4][-]{paragraph.4.1.4.6}{\376\377\000P\000a\000s\000s\000w\000o\000r\000d\000\040\000D\000i\000m\000e\000n\000t\000i\000c\000a\000t\000a}{subsubsection.4.1.4}% 27
\BOOKMARK [4][-]{paragraph.4.1.4.7}{\376\377\000L\000o\000g\000o\000u\000t\000\040\000M\000e\000m\000b\000r\000o\000\040\000A\000F\000A\000M}{subsubsection.4.1.4}% 28
\BOOKMARK [4][-]{paragraph.4.1.4.8}{\376\377\000E\000l\000i\000m\000i\000n\000a\000z\000i\000o\000n\000e\000\040\000A\000c\000c\000o\000u\000n\000t}{subsubsection.4.1.4}% 29
\BOOKMARK [4][-]{paragraph.4.1.4.9}{\376\377\000G\000e\000n\000e\000r\000a\000\040\000O\000T\000P}{subsubsection.4.1.4}% 30
\BOOKMARK [3][-]{subsubsection.4.1.5}{\376\377\000M\000a\000c\000r\000o\000-\000c\000a\000s\000o\000\040\000d\000'\000u\000s\000o\000\040\000-\000\040\000G\000e\000s\000t\000i\000o\000n\000e\000\040\000P\000r\000o\000f\000i\000l\000o}{subsection.4.1}% 31
\BOOKMARK [4][-]{paragraph.4.1.5.1}{\376\377\000D\000i\000a\000g\000r\000a\000m\000m\000a\000\040\000U\000M\000L}{subsubsection.4.1.5}% 32
\BOOKMARK [4][-]{paragraph.4.1.5.2}{\376\377\000V\000i\000s\000u\000a\000l\000i\000z\000z\000a\000\040\000s\000c\000h\000e\000r\000m\000a\000t\000a\000\040\000`\000`\000G\000E\000S\000T\000I\000O\000N\000E\000\040\000P\000R\000O\000F\000I\000L\000O\000'\000'}{subsubsection.4.1.5}% 33
\BOOKMARK [4][-]{paragraph.4.1.5.3}{\376\377\000V\000i\000s\000u\000a\000l\000i\000z\000z\000a\000\040\000s\000c\000h\000e\000r\000m\000a\000t\000a\000\040\000`\000`\000G\000E\000S\000T\000I\000O\000N\000E\000\040\000C\000E\000R\000T\000I\000F\000I\000C\000A\000T\000I\000'\000'}{subsubsection.4.1.5}% 34
\BOOKMARK [4][-]{paragraph.4.1.5.4}{\376\377\000A\000g\000g\000i\000o\000r\000n\000a\000\040\000I\000n\000f\000o\000r\000m\000a\000z\000i\000o\000n\000i\000\040\000P\000r\000o\000f\000i\000l\000o}{subsubsection.4.1.5}% 35
\BOOKMARK [4][-]{paragraph.4.1.5.5}{\376\377\000N\000u\000o\000v\000o\000\040\000c\000e\000r\000t\000i\000f\000i\000c\000a\000t\000o}{subsubsection.4.1.5}% 36
\BOOKMARK [4][-]{paragraph.4.1.5.6}{\376\377\000S\000c\000a\000r\000i\000c\000a\000\040\000C\000e\000r\000t\000i\000f\000i\000c\000a\000t\000o}{subsubsection.4.1.5}% 37
\BOOKMARK [4][-]{paragraph.4.1.5.7}{\376\377\000R\000i\000m\000u\000o\000v\000i\000\040\000C\000e\000r\000t\000i\000f\000i\000c\000a\000t\000o}{subsubsection.4.1.5}% 38
\BOOKMARK [4][-]{paragraph.4.1.5.8}{\376\377\000M\000o\000d\000i\000f\000i\000c\000a\000\040\000C\000e\000r\000t\000i\000f\000i\000c\000a\000t\000o}{subsubsection.4.1.5}% 39
\BOOKMARK [4][-]{paragraph.4.1.5.9}{\376\377\000C\000o\000l\000l\000e\000g\000a\000\040\000S\000P\000I\000D}{subsubsection.4.1.5}% 40
\BOOKMARK [3][-]{subsubsection.4.1.6}{\376\377\000M\000a\000c\000r\000o\000-\000c\000a\000s\000o\000\040\000d\000'\000u\000s\000o\000\040\000-\000\040\000G\000e\000s\000t\000i\000o\000n\000e\000\040\000M\000a\000t\000e\000r\000i\000a\000l\000i}{subsection.4.1}% 41
\BOOKMARK [4][-]{paragraph.4.1.6.1}{\376\377\000D\000i\000a\000g\000r\000a\000m\000m\000a\000\040\000U\000M\000L}{subsubsection.4.1.6}% 42
\BOOKMARK [4][-]{paragraph.4.1.6.2}{\376\377\000V\000i\000s\000u\000a\000l\000i\000z\000z\000a\000\040\000s\000c\000h\000e\000r\000m\000a\000t\000a\000\040\000`\000`\000G\000E\000S\000T\000I\000O\000N\000E\000\040\000A\000R\000T\000I\000D\000'\000'}{subsubsection.4.1.6}% 43
\BOOKMARK [4][-]{paragraph.4.1.6.3}{\376\377\000V\000i\000s\000u\000a\000l\000i\000z\000z\000a\000\040\000s\000c\000h\000e\000r\000m\000a\000t\000a\000\040\000`\000`\000G\000E\000S\000T\000I\000O\000N\000E\000\040\000M\000A\000T\000E\000R\000I\000A\000L\000I\000'\000'}{subsubsection.4.1.6}% 44
\BOOKMARK [4][-]{paragraph.4.1.6.4}{\376\377\000V\000i\000s\000u\000a\000l\000i\000z\000z\000a\000\040\000s\000c\000h\000e\000r\000m\000a\000t\000a\000\040\000`\000`\000D\000E\000T\000T\000A\000G\000L\000I\000\040\000A\000R\000T\000I\000D\000'\000'}{subsubsection.4.1.6}% 45
\BOOKMARK [4][-]{paragraph.4.1.6.5}{\376\377\000C\000a\000r\000i\000c\000a\000\040\000M\000a\000t\000e\000r\000i\000a\000l\000e}{subsubsection.4.1.6}% 46
\BOOKMARK [4][-]{paragraph.4.1.6.6}{\376\377\000C\000a\000n\000c\000e\000l\000l\000a\000\040\000M\000a\000t\000e\000r\000i\000a\000l\000e}{subsubsection.4.1.6}% 47
\BOOKMARK [4][-]{paragraph.4.1.6.7}{\376\377\000M\000o\000d\000i\000f\000i\000c\000a\000\040\000M\000a\000t\000e\000r\000i\000a\000l\000e}{subsubsection.4.1.6}% 48
\BOOKMARK [4][-]{paragraph.4.1.6.8}{\376\377\000A\000g\000g\000i\000u\000n\000g\000i\000\040\000M\000a\000t\000e\000r\000i\000a\000l\000e\000\040\000a\000i\000\040\000p\000r\000e\000f\000e\000r\000i\000t\000i}{subsubsection.4.1.6}% 49
\BOOKMARK [4][-]{paragraph.4.1.6.9}{\376\377\000C\000r\000e\000a\000\040\000A\000r\000t\000I\000D}{subsubsection.4.1.6}% 50
\BOOKMARK [4][-]{paragraph.4.1.6.10}{\376\377\000A\000g\000g\000i\000u\000n\000g\000i\000\040\000M\000a\000t\000e\000r\000i\000a\000l\000e}{subsubsection.4.1.6}% 51
\BOOKMARK [4][-]{paragraph.4.1.6.11}{\376\377\000R\000i\000m\000u\000o\000v\000i\000\040\000M\000a\000t\000e\000r\000i\000a\000l\000e}{subsubsection.4.1.6}% 52
\BOOKMARK [4][-]{paragraph.4.1.6.12}{\376\377\000M\000o\000d\000i\000f\000i\000c\000a\000\040\000d\000e\000t\000t\000a\000g\000l\000i\000\040\000A\000r\000t\000I\000D}{subsubsection.4.1.6}% 53
\BOOKMARK [4][-]{paragraph.4.1.6.13}{\376\377\000C\000a\000n\000c\000e\000l\000l\000a\000\040\000A\000r\000t\000I\000D}{subsubsection.4.1.6}% 54
\BOOKMARK [4][-]{paragraph.4.1.6.14}{\376\377\000A\000g\000g\000i\000u\000n\000g\000i\000\040\000A\000r\000t\000I\000D\000\040\000a\000i\000\040\000p\000r\000e\000f\000e\000r\000i\000t\000i}{subsubsection.4.1.6}% 55
\BOOKMARK [4][-]{paragraph.4.1.6.15}{\376\377\000A\000g\000g\000i\000o\000r\000n\000a\000\040\000v\000i\000s\000i\000b\000i\000l\000i\000t\000\340\000\040\000A\000r\000t\000I\000D}{subsubsection.4.1.6}% 56
\BOOKMARK [4][-]{paragraph.4.1.6.16}{\376\377\000C\000r\000e\000a\000\040\000T\000a\000g}{subsubsection.4.1.6}% 57
\BOOKMARK [4][-]{paragraph.4.1.6.17}{\376\377\000A\000g\000g\000i\000u\000n\000g\000i\000\040\000T\000a\000g}{subsubsection.4.1.6}% 58
\BOOKMARK [4][-]{paragraph.4.1.6.18}{\376\377\000R\000i\000m\000u\000o\000v\000i\000\040\000T\000a\000g}{subsubsection.4.1.6}% 59
\BOOKMARK [4][-]{paragraph.4.1.6.19}{\376\377\000P\000r\000e\000v\000i\000e\000w\000\040\000A\000r\000t\000I\000D}{subsubsection.4.1.6}% 60
\BOOKMARK [3][-]{subsubsection.4.1.7}{\376\377\000M\000a\000c\000r\000o\000-\000c\000a\000s\000o\000\040\000d\000'\000u\000s\000o\000\040\000-\000\040\000C\000o\000n\000d\000i\000v\000i\000s\000i\000o\000n\000e}{subsection.4.1}% 61
\BOOKMARK [4][-]{paragraph.4.1.7.1}{\376\377\000D\000i\000a\000g\000r\000a\000m\000m\000a\000\040\000U\000M\000L}{subsubsection.4.1.7}% 62
\BOOKMARK [4][-]{paragraph.4.1.7.2}{\376\377\000V\000i\000s\000u\000a\000l\000i\000z\000z\000a\000\040\000A\000r\000t\000I\000D\000\040\000c\000o\000n\000d\000i\000v\000i\000s\000o\000\040\000t\000r\000a\000m\000i\000t\000e\000\040\000l\000i\000n\000k}{subsubsection.4.1.7}% 63
\BOOKMARK [4][-]{paragraph.4.1.7.3}{\376\377\000V\000i\000s\000u\000a\000l\000i\000z\000z\000a\000\040\000p\000r\000e\000v\000i\000e\000w\000\040\000l\000i\000n\000k\000\040\000A\000r\000t\000I\000D}{subsubsection.4.1.7}% 64
\BOOKMARK [4][-]{paragraph.4.1.7.4}{\376\377\000G\000e\000n\000e\000r\000a\000\040\000l\000i\000n\000k\000\040\000A\000r\000t\000I\000D}{subsubsection.4.1.7}% 65
\BOOKMARK [4][-]{paragraph.4.1.7.5}{\376\377\000V\000i\000s\000u\000a\000l\000i\000z\000z\000a\000\040\000s\000c\000h\000e\000r\000m\000a\000t\000a\000\040\000`\000`\000B\000a\000c\000h\000e\000c\000a\000\040\000c\000o\000n\000d\000i\000v\000i\000s\000i\000o\000n\000i\000'\000'}{subsubsection.4.1.7}% 66
\BOOKMARK [4][-]{paragraph.4.1.7.6}{\376\377\000E\000l\000i\000m\000i\000n\000a\000\040\000l\000i\000n\000k\000\040\000c\000o\000n\000d\000i\000v\000i\000s\000i\000o\000n\000e\000\040\000A\000r\000t\000I\000D}{subsubsection.4.1.7}% 67
\BOOKMARK [4][-]{paragraph.4.1.7.7}{\376\377\000V\000i\000s\000u\000a\000l\000i\000z\000z\000a\000\040\000s\000c\000h\000e\000r\000m\000a\000t\000a\000\040\000`\000`\000D\000e\000t\000t\000a\000g\000l\000i\000\040\000A\000r\000t\000I\000D\000'\000'\000\040\000c\000o\000n\000d\000i\000v\000i\000s\000o}{subsubsection.4.1.7}% 68
\BOOKMARK [4][-]{paragraph.4.1.7.8}{\376\377\000M\000o\000d\000i\000f\000i\000c\000a\000\040\000s\000c\000a\000d\000e\000n\000z\000a\000\040\000l\000i\000n\000k\000\040\000A\000r\000t\000I\000D\000\040\000c\000o\000n\000d\000i\000v\000i\000s\000o}{subsubsection.4.1.7}% 69
\BOOKMARK [4][-]{paragraph.4.1.7.9}{\376\377\000V\000i\000s\000u\000a\000l\000i\000z\000z\000a\000\040\000A\000r\000t\000I\000D\000\040\000`\000`\000C\000o\000n\000d\000i\000v\000i\000s\000o\000\040\000c\000o\000n\000\040\000m\000e\000'\000'}{subsubsection.4.1.7}% 70
\BOOKMARK [4][-]{paragraph.4.1.7.10}{\376\377\000C\000r\000e\000a\000\040\000c\000o\000n\000d\000i\000v\000i\000s\000i\000o\000n\000e\000\040\000i\000n\000t\000e\000r\000n\000a\000\040\000A\000r\000t\000I\000D}{subsubsection.4.1.7}% 71
\BOOKMARK [4][-]{paragraph.4.1.7.11}{\376\377\000A\000n\000n\000u\000l\000l\000a\000\040\000c\000o\000n\000d\000i\000v\000i\000s\000i\000o\000n\000e\000\040\000i\000n\000t\000e\000r\000n\000a\000\040\000A\000r\000t\000I\000D}{subsubsection.4.1.7}% 72
\BOOKMARK [4][-]{paragraph.4.1.7.12}{\376\377\000D\000i\000s\000a\000t\000t\000i\000v\000a\000\040\000c\000o\000n\000d\000i\000v\000i\000s\000i\000o\000n\000e\000\040\000e\000s\000t\000e\000r\000n\000a\000\040\000A\000r\000t\000I\000D}{subsubsection.4.1.7}% 73
\BOOKMARK [4][-]{paragraph.4.1.7.13}{\376\377\000R\000i\000a\000t\000t\000i\000v\000a\000\040\000c\000o\000n\000d\000i\000v\000i\000s\000i\000o\000n\000e\000\040\000e\000s\000t\000e\000r\000n\000a\000\040\000A\000r\000t\000I\000D}{subsubsection.4.1.7}% 74
\BOOKMARK [4][-]{paragraph.4.1.7.14}{\376\377\000M\000o\000d\000i\000f\000i\000c\000a\000\040\000d\000e\000s\000c\000r\000i\000z\000i\000o\000n\000e\000\040\000l\000i\000n\000k\000\040\000A\000r\000t\000I\000D\000\040\000c\000o\000n\000d\000i\000v\000i\000s\000o}{subsubsection.4.1.7}% 75
\BOOKMARK [4][-]{paragraph.4.1.7.15}{\376\377\000E\000l\000i\000m\000i\000n\000a\000\040\000A\000r\000t\000I\000D\000\040\000`\000`\000C\000o\000n\000d\000i\000v\000i\000s\000o\000\040\000c\000o\000n\000\040\000m\000e\000'\000'}{subsubsection.4.1.7}% 76
\BOOKMARK [3][-]{subsubsection.4.1.8}{\376\377\000M\000a\000c\000r\000o\000-\000c\000a\000s\000o\000\040\000d\000'\000u\000s\000o\000\040\000-\000\040\000D\000i\000s\000c\000o\000v\000e\000r\000y}{subsection.4.1}% 77
\BOOKMARK [4][-]{paragraph.4.1.8.1}{\376\377\000D\000i\000a\000g\000r\000a\000m\000m\000a\000\040\000U\000M\000L}{subsubsection.4.1.8}% 78
\BOOKMARK [4][-]{paragraph.4.1.8.2}{\376\377\000R\000i\000c\000e\000r\000c\000a\000\040\000M\000e\000m\000b\000r\000i}{subsubsection.4.1.8}% 79
\BOOKMARK [4][-]{paragraph.4.1.8.3}{\376\377\000V\000i\000s\000u\000a\000l\000i\000z\000z\000a\000\040\000A\000r\000t\000I\000D\000\040\000p\000u\000b\000b\000l\000i\000c\000o}{subsubsection.4.1.8}% 80
\BOOKMARK [2][-]{subsection.4.2}{\376\377\000M\000o\000d\000e\000l\000l\000i\000\040\000d\000e\000g\000l\000i\000\040\000o\000g\000g\000e\000t\000t\000i}{section.4}% 81
\BOOKMARK [3][-]{subsubsection.4.2.1}{\376\377\000O\000g\000g\000e\000t\000t\000i\000\040\000E\000n\000t\000i\000t\000\340}{subsection.4.2}% 82
\BOOKMARK [3][-]{subsubsection.4.2.2}{\376\377\000O\000g\000g\000e\000t\000t\000i\000\040\000B\000o\000u\000n\000d\000a\000r\000y}{subsection.4.2}% 83
\BOOKMARK [3][-]{subsubsection.4.2.3}{\376\377\000O\000g\000g\000e\000t\000t\000i\000\040\000C\000o\000n\000t\000r\000o\000l}{subsection.4.2}% 84
\BOOKMARK [3][-]{subsubsection.4.2.4}{\376\377\000D\000i\000a\000g\000r\000a\000m\000m\000i\000\040\000d\000e\000l\000l\000e\000\040\000c\000l\000a\000s\000s\000i}{subsection.4.2}% 85
\BOOKMARK [4][-]{paragraph.4.2.4.1}{\376\377\000E\000n\000t\000i\000t\000\340}{subsubsection.4.2.4}% 86
\BOOKMARK [4][-]{paragraph.4.2.4.2}{\376\377\000A\000u\000t\000e\000n\000t\000i\000c\000a\000z\000i\000o\000n\000e}{subsubsection.4.2.4}% 87
\BOOKMARK [4][-]{paragraph.4.2.4.3}{\376\377\000G\000e\000s\000t\000i\000o\000n\000e\000\040\000P\000r\000o\000f\000i\000l\000o}{subsubsection.4.2.4}% 88
\BOOKMARK [4][-]{paragraph.4.2.4.4}{\376\377\000G\000e\000s\000t\000i\000o\000n\000e\000\040\000M\000a\000t\000e\000r\000i\000a\000l\000i}{subsubsection.4.2.4}% 89
\BOOKMARK [4][-]{paragraph.4.2.4.5}{\376\377\000C\000o\000n\000d\000i\000v\000i\000s\000i\000o\000n\000e}{subsubsection.4.2.4}% 90
\BOOKMARK [4][-]{paragraph.4.2.4.6}{\376\377\000D\000i\000s\000c\000o\000v\000e\000r\000y}{subsubsection.4.2.4}% 91
\BOOKMARK [2][-]{subsection.4.3}{\376\377\000M\000o\000d\000e\000l\000l\000i\000\040\000d\000i\000n\000a\000m\000i\000c\000i}{section.4}% 92
\BOOKMARK [3][-]{subsubsection.4.3.1}{\376\377\000D\000i\000a\000g\000r\000a\000m\000m\000i\000\040\000d\000i\000\040\000s\000e\000q\000u\000e\000n\000z\000a}{subsection.4.3}% 93
\BOOKMARK [4][-]{paragraph.4.3.1.1}{\376\377\000M\000a\000c\000r\000o\000-\000c\000a\000s\000o\000\040\000d\000'\000u\000s\000o\000\040\000-\000\040\000A\000u\000t\000e\000n\000t\000i\000c\000a\000z\000i\000o\000n\000e}{subsubsection.4.3.1}% 94
\BOOKMARK [4][-]{paragraph.4.3.1.2}{\376\377\000M\000a\000c\000r\000o\000-\000c\000a\000s\000o\000\040\000d\000'\000u\000s\000o\000\040\000-\000\040\000G\000e\000s\000t\000i\000o\000n\000e\000\040\000P\000r\000o\000f\000i\000l\000o}{subsubsection.4.3.1}% 95
\BOOKMARK [4][-]{paragraph.4.3.1.3}{\376\377\000M\000a\000c\000r\000o\000-\000c\000a\000s\000o\000\040\000d\000'\000u\000s\000o\000\040\000-\000\040\000G\000e\000s\000t\000i\000o\000n\000e\000\040\000M\000a\000t\000e\000r\000i\000a\000l\000i}{subsubsection.4.3.1}% 96
\BOOKMARK [4][-]{paragraph.4.3.1.4}{\376\377\000M\000a\000c\000r\000o\000-\000c\000a\000s\000o\000\040\000d\000'\000u\000s\000o\000\040\000-\000\040\000C\000o\000n\000d\000i\000v\000i\000s\000i\000o\000n\000e}{subsubsection.4.3.1}% 97
\BOOKMARK [4][-]{paragraph.4.3.1.5}{\376\377\000M\000a\000c\000r\000o\000-\000c\000a\000s\000o\000\040\000d\000'\000u\000s\000o\000\040\000-\000\040\000D\000i\000s\000c\000o\000v\000e\000r\000y}{subsubsection.4.3.1}% 98
\BOOKMARK [4][-]{paragraph.4.3.1.6}{\376\377\000M\000a\000c\000r\000o\000-\000c\000a\000s\000o\000\040\000d\000'\000u\000s\000o\000\040\000-\000\040\000C\000o\000m\000p\000o\000r\000t\000a\000m\000e\000n\000t\000o\000\040\000e\000c\000c\000e\000z\000i\000o\000n\000a\000l\000e\000\040\000-\000\040\000C\000o\000m\000u\000n\000i\000c\000a\000z\000i\000o\000n\000e\000\040\000D\000B\000M\000S\000\040\000f\000a\000l\000l\000i\000t\000a}{subsubsection.4.3.1}% 99
\BOOKMARK [2][-]{subsection.4.4}{\376\377\000M\000o\000c\000k\000u\000p\000s}{section.4}% 100
\BOOKMARK [3][-]{subsubsection.4.4.1}{\376\377\000A\000u\000t\000e\000n\000t\000i\000c\000a\000z\000i\000o\000n\000e}{subsection.4.4}% 101
\BOOKMARK [3][-]{subsubsection.4.4.2}{\376\377\000G\000e\000s\000t\000i\000o\000n\000e\000\040\000P\000r\000o\000f\000i\000l\000o}{subsection.4.4}% 102
\BOOKMARK [3][-]{subsubsection.4.4.3}{\376\377\000G\000e\000s\000t\000i\000o\000n\000e\000\040\000M\000a\000t\000e\000r\000i\000a\000l\000i}{subsection.4.4}% 103
\BOOKMARK [3][-]{subsubsection.4.4.4}{\376\377\000G\000e\000s\000t\000i\000o\000n\000e\000\040\000A\000r\000t\000I\000D}{subsection.4.4}% 104
\BOOKMARK [3][-]{subsubsection.4.4.5}{\376\377\000C\000o\000n\000d\000i\000v\000i\000s\000i\000o\000n\000e}{subsection.4.4}% 105
\BOOKMARK [3][-]{subsubsection.4.4.6}{\376\377\000D\000i\000s\000c\000o\000v\000e\000r\000y}{subsection.4.4}% 106
\BOOKMARK [1][-]{section.5}{\376\377\000C\000o\000p\000y\000r\000i\000g\000h\000t\000\040\000e\000\040\000d\000i\000r\000i\000t\000t\000o\000\040\000d\000'\000a\000u\000t\000o\000r\000e}{}% 107
