This is pdfTeX, Version 3.141592653-2.6-1.40.27 (MiKTeX 25.4) (preloaded format=pdflatex 2025.10.5)  24 JUN 2026 03:53
entering extended mode
 restricted \write18 enabled.
 file:line:error style messages enabled.
 %&-line parsing enabled.
**c:/Users/andre/Desktop/RAD/RAD/RAD.tex
(c:/Users/andre/Desktop/RAD/RAD/RAD.tex
LaTeX2e <2025-06-01> patch level 1
L3 programming layer <2025-09-02>
(C:\Users\andre\AppData\Local\Programs\MiKTeX\tex/latex/base\article.cls
Document Class: article 2025/01/22 v1.4n Standard LaTeX document class
(C:\Users\andre\AppData\Local\Programs\MiKTeX\tex/latex/base\size10.clo
File: size10.clo 2025/01/22 v1.4n Standard LaTeX file (size option)
)
\c@part=\count275
\c@section=\count276
\c@subsection=\count277
\c@subsubsection=\count278
\c@paragraph=\count279
\c@subparagraph=\count280
\c@figure=\count281
\c@table=\count282
\abovecaptionskip=\skip49
\belowcaptionskip=\skip50
\bibindent=\dimen148
) (C:\Users\andre\AppData\Local\Programs\MiKTeX\tex/latex/lipsum\lipsum.sty (C:\Users\andre\AppData\Local\Programs\MiKTeX\tex/latex/l3packages/l3keys2e\l3keys2e.sty (C:\Users\andre\AppData\Local\Programs\MiKTeX\tex/latex/l3kernel\expl3.sty
Package: expl3 2025-09-02 L3 programming layer (loader) 
 (C:\Users\andre\AppData\Local\Programs\MiKTeX\tex/latex/l3backend\l3backend-pdftex.def
File: l3backend-pdftex.def 2025-06-09 L3 backend support: PDF output (pdfTeX)
\l__color_backend_stack_int=\count283
))
Package: l3keys2e 2024-08-16 LaTeX2e option processing using LaTeX3 keys
)
Package: lipsum 2021-09-20 v2.7 150 paragraphs of Lorem Ipsum dummy text
\g__lipsum_par_int=\count284
\l__lipsum_a_int=\count285
\l__lipsum_b_int=\count286
 (C:\Users\andre\AppData\Local\Programs\MiKTeX\tex/latex/lipsum\lipsum.ltd.tex)) (C:\Users\andre\AppData\Local\Programs\MiKTeX\tex/latex/geometry\geometry.sty
Package: geometry 2020/01/02 v5.9 Page Geometry
 (C:\Users\andre\AppData\Local\Programs\MiKTeX\tex/latex/graphics\keyval.sty
Package: keyval 2022/05/29 v1.15 key=value parser (DPC)
\KV@toks@=\toks17
) (C:\Users\andre\AppData\Local\Programs\MiKTeX\tex/generic/iftex\ifvtex.sty
Package: ifvtex 2019/10/25 v1.7 ifvtex legacy package. Use iftex instead.
 (C:\Users\andre\AppData\Local\Programs\MiKTeX\tex/generic/iftex\iftex.sty
Package: iftex 2024/12/12 v1.0g TeX engine tests
))
\Gm@cnth=\count287
\Gm@cntv=\count288
\c@Gm@tempcnt=\count289
\Gm@bindingoffset=\dimen149
\Gm@wd@mp=\dimen150
\Gm@odd@mp=\dimen151
\Gm@even@mp=\dimen152
\Gm@layoutwidth=\dimen153
\Gm@layoutheight=\dimen154
\Gm@layouthoffset=\dimen155
\Gm@layoutvoffset=\dimen156
\Gm@dimlist=\toks18
 (C:\Users\andre\AppData\Local\Programs\MiKTeX\tex/latex/geometry\geometry.cfg)) (C:\Users\andre\AppData\Local\Programs\MiKTeX\tex/latex/graphics\graphicx.sty
Package: graphicx 2024/12/31 v1.2e Enhanced LaTeX Graphics (DPC,SPQR)
 (C:\Users\andre\AppData\Local\Programs\MiKTeX\tex/latex/graphics\graphics.sty
Package: graphics 2024/08/06 v1.4g Standard LaTeX Graphics (DPC,SPQR)
 (C:\Users\andre\AppData\Local\Programs\MiKTeX\tex/latex/graphics\trig.sty
Package: trig 2023/12/02 v1.11 sin cos tan (DPC)
) (C:\Users\andre\AppData\Local\Programs\MiKTeX\tex/latex/graphics-cfg\graphics.cfg
File: graphics.cfg 2016/06/04 v1.11 sample graphics configuration
)
Package graphics Info: Driver file: pdftex.def on input line 106.
 (C:\Users\andre\AppData\Local\Programs\MiKTeX\tex/latex/graphics-def\pdftex.def
File: pdftex.def 2024/04/13 v1.2c Graphics/color driver for pdftex
))
\Gin@req@height=\dimen157
\Gin@req@width=\dimen158
) (C:\Users\andre\AppData\Local\Programs\MiKTeX\tex/latex/tools\array.sty
Package: array 2025/06/08 v2.6j Tabular extension package (FMi)
\col@sep=\dimen159
\ar@mcellbox=\box53
\extrarowheight=\dimen160
\NC@list=\toks19
\extratabsurround=\skip51
\backup@length=\skip52
\ar@cellbox=\box54
) (C:\Users\andre\AppData\Local\Programs\MiKTeX\tex/latex/titlesec\titlesec.sty
Package: titlesec 2025/01/04 v2.17 Sectioning titles
\ttl@box=\box55
\beforetitleunit=\skip53
\aftertitleunit=\skip54
\ttl@plus=\dimen161
\ttl@minus=\dimen162
\ttl@toksa=\toks20
\titlewidth=\dimen163
\titlewidthlast=\dimen164
\titlewidthfirst=\dimen165
) (C:\Users\andre\AppData\Local\Programs\MiKTeX\tex/latex/enumitem\enumitem.sty
Package: enumitem 2025/02/06 v3.11 Customized lists
\labelindent=\skip55
\enit@outerparindent=\dimen166
\enit@toks=\toks21
\enit@inbox=\box56
\enit@count@id=\count290
\enitdp@description=\count291
) (C:\Users\andre\AppData\Local\Programs\MiKTeX\tex/latex/xcolor\xcolor.sty
Package: xcolor 2024/09/29 v3.02 LaTeX color extensions (UK)
 (C:\Users\andre\AppData\Local\Programs\MiKTeX\tex/latex/graphics-cfg\color.cfg
File: color.cfg 2016/01/02 v1.6 sample color configuration
)
Package xcolor Info: Driver file: pdftex.def on input line 274.
 (C:\Users\andre\AppData\Local\Programs\MiKTeX\tex/latex/graphics\mathcolor.ltx)
Package xcolor Info: Model `cmy' substituted by `cmy0' on input line 1349.
Package xcolor Info: Model `hsb' substituted by `rgb' on input line 1353.
Package xcolor Info: Model `RGB' extended on input line 1365.
Package xcolor Info: Model `HTML' substituted by `rgb' on input line 1367.
Package xcolor Info: Model `Hsb' substituted by `hsb' on input line 1368.
Package xcolor Info: Model `tHsb' substituted by `hsb' on input line 1369.
Package xcolor Info: Model `HSB' substituted by `hsb' on input line 1370.
Package xcolor Info: Model `Gray' substituted by `gray' on input line 1371.
Package xcolor Info: Model `wave' substituted by `hsb' on input line 1372.
) (C:\Users\andre\AppData\Local\Programs\MiKTeX\tex/latex/colortbl\colortbl.sty
Package: colortbl 2026/05/01 v1.0l Color table columns (DPC)
\everycr=\toks22
\minrowclearance=\skip56
\rownum=\count292
) (C:\Users\andre\AppData\Local\Programs\MiKTeX\tex/latex/pgf/frontendlayer\tikz.sty (C:\Users\andre\AppData\Local\Programs\MiKTeX\tex/latex/pgf/basiclayer\pgf.sty (C:\Users\andre\AppData\Local\Programs\MiKTeX\tex/latex/pgf/utilities\pgfrcs.sty (C:\Users\andre\AppData\Local\Programs\MiKTeX\tex/generic/pgf/utilities\pgfutil-common.tex
\pgfutil@everybye=\toks23
\pgfutil@tempdima=\dimen167
\pgfutil@tempdimb=\dimen168
) (C:\Users\andre\AppData\Local\Programs\MiKTeX\tex/generic/pgf/utilities\pgfutil-latex.def
\pgfutil@abb=\box57
) (C:\Users\andre\AppData\Local\Programs\MiKTeX\tex/generic/pgf/utilities\pgfrcs.code.tex (C:\Users\andre\AppData\Local\Programs\MiKTeX\tex/generic/pgf\pgf.revision.tex)
Package: pgfrcs 2025-08-29 v3.1.11a (3.1.11a)
))
Package: pgf 2025-08-29 v3.1.11a (3.1.11a)
 (C:\Users\andre\AppData\Local\Programs\MiKTeX\tex/latex/pgf/basiclayer\pgfcore.sty (C:\Users\andre\AppData\Local\Programs\MiKTeX\tex/latex/pgf/systemlayer\pgfsys.sty (C:\Users\andre\AppData\Local\Programs\MiKTeX\tex/generic/pgf/systemlayer\pgfsys.code.tex
Package: pgfsys 2025-08-29 v3.1.11a (3.1.11a)
 (C:\Users\andre\AppData\Local\Programs\MiKTeX\tex/generic/pgf/utilities\pgfkeys.code.tex
\pgfkeys@pathtoks=\toks24
\pgfkeys@temptoks=\toks25
 (C:\Users\andre\AppData\Local\Programs\MiKTeX\tex/generic/pgf/utilities\pgfkeyslibraryfiltered.code.tex
\pgfkeys@tmptoks=\toks26
))
\pgf@x=\dimen169
\pgf@y=\dimen170
\pgf@xa=\dimen171
\pgf@ya=\dimen172
\pgf@xb=\dimen173
\pgf@yb=\dimen174
\pgf@xc=\dimen175
\pgf@yc=\dimen176
\pgf@xd=\dimen177
\pgf@yd=\dimen178
\w@pgf@writea=\write3
\r@pgf@reada=\read2
\c@pgf@counta=\count293
\c@pgf@countb=\count294
\c@pgf@countc=\count295
\c@pgf@countd=\count296
\t@pgf@toka=\toks27
\t@pgf@tokb=\toks28
\t@pgf@tokc=\toks29
\pgf@sys@id@count=\count297
 (C:\Users\andre\AppData\Local\Programs\MiKTeX\tex/generic/pgf/systemlayer\pgf.cfg
File: pgf.cfg 2025-08-29 v3.1.11a (3.1.11a)
)
Driver file for pgf: pgfsys-pdftex.def
 (C:\Users\andre\AppData\Local\Programs\MiKTeX\tex/generic/pgf/systemlayer\pgfsys-pdftex.def
File: pgfsys-pdftex.def 2025-08-29 v3.1.11a (3.1.11a)
 (C:\Users\andre\AppData\Local\Programs\MiKTeX\tex/generic/pgf/systemlayer\pgfsys-common-pdf.def
File: pgfsys-common-pdf.def 2025-08-29 v3.1.11a (3.1.11a)
))) (C:\Users\andre\AppData\Local\Programs\MiKTeX\tex/generic/pgf/systemlayer\pgfsyssoftpath.code.tex
File: pgfsyssoftpath.code.tex 2025-08-29 v3.1.11a (3.1.11a)
\pgfsyssoftpath@smallbuffer@items=\count298
\pgfsyssoftpath@bigbuffer@items=\count299
) (C:\Users\andre\AppData\Local\Programs\MiKTeX\tex/generic/pgf/systemlayer\pgfsysprotocol.code.tex
File: pgfsysprotocol.code.tex 2025-08-29 v3.1.11a (3.1.11a)
)) (C:\Users\andre\AppData\Local\Programs\MiKTeX\tex/generic/pgf/basiclayer\pgfcore.code.tex
Package: pgfcore 2025-08-29 v3.1.11a (3.1.11a)
 (C:\Users\andre\AppData\Local\Programs\MiKTeX\tex/generic/pgf/math\pgfmath.code.tex (C:\Users\andre\AppData\Local\Programs\MiKTeX\tex/generic/pgf/math\pgfmathutil.code.tex) (C:\Users\andre\AppData\Local\Programs\MiKTeX\tex/generic/pgf/math\pgfmathparser.code.tex
\pgfmath@dimen=\dimen179
\pgfmath@count=\count300
\pgfmath@box=\box58
\pgfmath@toks=\toks30
\pgfmath@stack@operand=\toks31
\pgfmath@stack@operation=\toks32
) (C:\Users\andre\AppData\Local\Programs\MiKTeX\tex/generic/pgf/math\pgfmathfunctions.code.tex) (C:\Users\andre\AppData\Local\Programs\MiKTeX\tex/generic/pgf/math\pgfmathfunctions.basic.code.tex) (C:\Users\andre\AppData\Local\Programs\MiKTeX\tex/generic/pgf/math\pgfmathfunctions.trigonometric.code.tex) (C:\Users\andre\AppData\Local\Programs\MiKTeX\tex/generic/pgf/math\pgfmathfunctions.random.code.tex) (C:\Users\andre\AppData\Local\Programs\MiKTeX\tex/generic/pgf/math\pgfmathfunctions.comparison.code.tex) (C:\Users\andre\AppData\Local\Programs\MiKTeX\tex/generic/pgf/math\pgfmathfunctions.base.code.tex) (C:\Users\andre\AppData\Local\Programs\MiKTeX\tex/generic/pgf/math\pgfmathfunctions.round.code.tex) (C:\Users\andre\AppData\Local\Programs\MiKTeX\tex/generic/pgf/math\pgfmathfunctions.misc.code.tex) (C:\Users\andre\AppData\Local\Programs\MiKTeX\tex/generic/pgf/math\pgfmathfunctions.integerarithmetics.code.tex) (C:\Users\andre\AppData\Local\Programs\MiKTeX\tex/generic/pgf/math\pgfmathcalc.code.tex) (C:\Users\andre\AppData\Local\Programs\MiKTeX\tex/generic/pgf/math\pgfmathfloat.code.tex
\c@pgfmathroundto@lastzeros=\count301
)) (C:\Users\andre\AppData\Local\Programs\MiKTeX\tex/generic/pgf/math\pgfint.code.tex) (C:\Users\andre\AppData\Local\Programs\MiKTeX\tex/generic/pgf/basiclayer\pgfcorepoints.code.tex
File: pgfcorepoints.code.tex 2025-08-29 v3.1.11a (3.1.11a)
\pgf@picminx=\dimen180
\pgf@picmaxx=\dimen181
\pgf@picminy=\dimen182
\pgf@picmaxy=\dimen183
\pgf@pathminx=\dimen184
\pgf@pathmaxx=\dimen185
\pgf@pathminy=\dimen186
\pgf@pathmaxy=\dimen187
\pgf@xx=\dimen188
\pgf@xy=\dimen189
\pgf@yx=\dimen190
\pgf@yy=\dimen191
\pgf@zx=\dimen192
\pgf@zy=\dimen193
) (C:\Users\andre\AppData\Local\Programs\MiKTeX\tex/generic/pgf/basiclayer\pgfcorepathconstruct.code.tex
File: pgfcorepathconstruct.code.tex 2025-08-29 v3.1.11a (3.1.11a)
\pgf@path@lastx=\dimen194
\pgf@path@lasty=\dimen195
) (C:\Users\andre\AppData\Local\Programs\MiKTeX\tex/generic/pgf/basiclayer\pgfcorepathusage.code.tex
File: pgfcorepathusage.code.tex 2025-08-29 v3.1.11a (3.1.11a)
\pgf@shorten@end@additional=\dimen196
\pgf@shorten@start@additional=\dimen197
) (C:\Users\andre\AppData\Local\Programs\MiKTeX\tex/generic/pgf/basiclayer\pgfcorescopes.code.tex
File: pgfcorescopes.code.tex 2025-08-29 v3.1.11a (3.1.11a)
\pgfpic=\box59
\pgf@hbox=\box60
\pgf@layerbox@main=\box61
\pgf@picture@serial@count=\count302
) (C:\Users\andre\AppData\Local\Programs\MiKTeX\tex/generic/pgf/basiclayer\pgfcoregraphicstate.code.tex
File: pgfcoregraphicstate.code.tex 2025-08-29 v3.1.11a (3.1.11a)
\pgflinewidth=\dimen198
) (C:\Users\andre\AppData\Local\Programs\MiKTeX\tex/generic/pgf/basiclayer\pgfcoretransformations.code.tex
File: pgfcoretransformations.code.tex 2025-08-29 v3.1.11a (3.1.11a)
\pgf@pt@x=\dimen199
\pgf@pt@y=\dimen256
\pgf@pt@temp=\dimen257
) (C:\Users\andre\AppData\Local\Programs\MiKTeX\tex/generic/pgf/basiclayer\pgfcorequick.code.tex
File: pgfcorequick.code.tex 2025-08-29 v3.1.11a (3.1.11a)
) (C:\Users\andre\AppData\Local\Programs\MiKTeX\tex/generic/pgf/basiclayer\pgfcoreobjects.code.tex
File: pgfcoreobjects.code.tex 2025-08-29 v3.1.11a (3.1.11a)
) (C:\Users\andre\AppData\Local\Programs\MiKTeX\tex/generic/pgf/basiclayer\pgfcorepathprocessing.code.tex
File: pgfcorepathprocessing.code.tex 2025-08-29 v3.1.11a (3.1.11a)
) (C:\Users\andre\AppData\Local\Programs\MiKTeX\tex/generic/pgf/basiclayer\pgfcorearrows.code.tex
File: pgfcorearrows.code.tex 2025-08-29 v3.1.11a (3.1.11a)
\pgfarrowsep=\dimen258
) (C:\Users\andre\AppData\Local\Programs\MiKTeX\tex/generic/pgf/basiclayer\pgfcoreshade.code.tex
File: pgfcoreshade.code.tex 2025-08-29 v3.1.11a (3.1.11a)
\pgf@max=\dimen259
\pgf@sys@shading@range@num=\count303
\pgf@shadingcount=\count304
) (C:\Users\andre\AppData\Local\Programs\MiKTeX\tex/generic/pgf/basiclayer\pgfcoreimage.code.tex
File: pgfcoreimage.code.tex 2025-08-29 v3.1.11a (3.1.11a)
) (C:\Users\andre\AppData\Local\Programs\MiKTeX\tex/generic/pgf/basiclayer\pgfcoreexternal.code.tex
File: pgfcoreexternal.code.tex 2025-08-29 v3.1.11a (3.1.11a)
\pgfexternal@startupbox=\box62
) (C:\Users\andre\AppData\Local\Programs\MiKTeX\tex/generic/pgf/basiclayer\pgfcorelayers.code.tex
File: pgfcorelayers.code.tex 2025-08-29 v3.1.11a (3.1.11a)
) (C:\Users\andre\AppData\Local\Programs\MiKTeX\tex/generic/pgf/basiclayer\pgfcoretransparency.code.tex
File: pgfcoretransparency.code.tex 2025-08-29 v3.1.11a (3.1.11a)
) (C:\Users\andre\AppData\Local\Programs\MiKTeX\tex/generic/pgf/basiclayer\pgfcorepatterns.code.tex
File: pgfcorepatterns.code.tex 2025-08-29 v3.1.11a (3.1.11a)
) (C:\Users\andre\AppData\Local\Programs\MiKTeX\tex/generic/pgf/basiclayer\pgfcorerdf.code.tex
File: pgfcorerdf.code.tex 2025-08-29 v3.1.11a (3.1.11a)
))) (C:\Users\andre\AppData\Local\Programs\MiKTeX\tex/generic/pgf/modules\pgfmoduleshapes.code.tex
File: pgfmoduleshapes.code.tex 2025-08-29 v3.1.11a (3.1.11a)
\pgfnodeparttextbox=\box63
) (C:\Users\andre\AppData\Local\Programs\MiKTeX\tex/generic/pgf/modules\pgfmoduleplot.code.tex
File: pgfmoduleplot.code.tex 2025-08-29 v3.1.11a (3.1.11a)
) (C:\Users\andre\AppData\Local\Programs\MiKTeX\tex/latex/pgf/compatibility\pgfcomp-version-0-65.sty
Package: pgfcomp-version-0-65 2025-08-29 v3.1.11a (3.1.11a)
\pgf@nodesepstart=\dimen260
\pgf@nodesepend=\dimen261
) (C:\Users\andre\AppData\Local\Programs\MiKTeX\tex/latex/pgf/compatibility\pgfcomp-version-1-18.sty
Package: pgfcomp-version-1-18 2025-08-29 v3.1.11a (3.1.11a)
)) (C:\Users\andre\AppData\Local\Programs\MiKTeX\tex/latex/pgf/utilities\pgffor.sty (C:\Users\andre\AppData\Local\Programs\MiKTeX\tex/latex/pgf/utilities\pgfkeys.sty (C:\Users\andre\AppData\Local\Programs\MiKTeX\tex/generic/pgf/utilities\pgfkeys.code.tex)) (C:\Users\andre\AppData\Local\Programs\MiKTeX\tex/latex/pgf/math\pgfmath.sty (C:\Users\andre\AppData\Local\Programs\MiKTeX\tex/generic/pgf/math\pgfmath.code.tex)) (C:\Users\andre\AppData\Local\Programs\MiKTeX\tex/generic/pgf/utilities\pgffor.code.tex
Package: pgffor 2025-08-29 v3.1.11a (3.1.11a)
\pgffor@iter=\dimen262
\pgffor@skip=\dimen263
\pgffor@stack=\toks33
\pgffor@toks=\toks34
)) (C:\Users\andre\AppData\Local\Programs\MiKTeX\tex/generic/pgf/frontendlayer/tikz\tikz.code.tex
Package: tikz 2025-08-29 v3.1.11a (3.1.11a)
 (C:\Users\andre\AppData\Local\Programs\MiKTeX\tex/generic/pgf/libraries\pgflibraryplothandlers.code.tex
File: pgflibraryplothandlers.code.tex 2025-08-29 v3.1.11a (3.1.11a)
\pgf@plot@mark@count=\count305
\pgfplotmarksize=\dimen264
)
\tikz@lastx=\dimen265
\tikz@lasty=\dimen266
\tikz@lastxsaved=\dimen267
\tikz@lastysaved=\dimen268
\tikz@lastmovetox=\dimen269
\tikz@lastmovetoy=\dimen270
\tikzleveldistance=\dimen271
\tikzsiblingdistance=\dimen272
\tikz@figbox=\box64
\tikz@figbox@bg=\box65
\tikz@tempbox=\box66
\tikz@tempbox@bg=\box67
\tikztreelevel=\count306
\tikznumberofchildren=\count307
\tikznumberofcurrentchild=\count308
\tikz@fig@count=\count309
 (C:\Users\andre\AppData\Local\Programs\MiKTeX\tex/generic/pgf/modules\pgfmodulematrix.code.tex
File: pgfmodulematrix.code.tex 2025-08-29 v3.1.11a (3.1.11a)
\pgfmatrixcurrentrow=\count310
\pgfmatrixcurrentcolumn=\count311
\pgf@matrix@numberofcolumns=\count312
)
\tikz@expandcount=\count313
 (C:\Users\andre\AppData\Local\Programs\MiKTeX\tex/generic/pgf/frontendlayer/tikz/libraries\tikzlibrarytopaths.code.tex
File: tikzlibrarytopaths.code.tex 2025-08-29 v3.1.11a (3.1.11a)
))) (C:\Users\andre\AppData\Local\Programs\MiKTeX\tex/latex/tocloft\tocloft.sty
Package: tocloft 2017/08/31 v2.3i parameterised ToC, etc., typesetting
Package tocloft Info: The document has section divisions on input line 51.
\cftparskip=\skip57
\cftbeforetoctitleskip=\skip58
\cftaftertoctitleskip=\skip59
\cftbeforepartskip=\skip60
\cftpartnumwidth=\skip61
\cftpartindent=\skip62
\cftbeforesecskip=\skip63
\cftsecindent=\skip64
\cftsecnumwidth=\skip65
\cftbeforesubsecskip=\skip66
\cftsubsecindent=\skip67
\cftsubsecnumwidth=\skip68
\cftbeforesubsubsecskip=\skip69
\cftsubsubsecindent=\skip70
\cftsubsubsecnumwidth=\skip71
\cftbeforeparaskip=\skip72
\cftparaindent=\skip73
\cftparanumwidth=\skip74
\cftbeforesubparaskip=\skip75
\cftsubparaindent=\skip76
\cftsubparanumwidth=\skip77
\cftbeforeloftitleskip=\skip78
\cftafterloftitleskip=\skip79
\cftbeforefigskip=\skip80
\cftfigindent=\skip81
\cftfignumwidth=\skip82
\c@lofdepth=\count314
\c@lotdepth=\count315
\cftbeforelottitleskip=\skip83
\cftafterlottitleskip=\skip84
\cftbeforetabskip=\skip85
\cfttabindent=\skip86
\cfttabnumwidth=\skip87
) (C:\Users\andre\AppData\Local\Programs\MiKTeX\tex/latex/tools\longtable.sty
Package: longtable 2024-12-18 v4.23 Multi-page Table package (DPC)
\LTleft=\skip88
\LTright=\skip89
\LTpre=\skip90
\LTpost=\skip91
\LTchunksize=\count316
\LTcapwidth=\dimen273
\LT@head=\box68
\LT@firsthead=\box69
\LT@foot=\box70
\LT@lastfoot=\box71
\LT@gbox=\box72
\LT@cols=\count317
\LT@rows=\count318
\c@LT@tables=\count319
\c@LT@chunks=\count320
\LT@p@ftn=\toks35
) (C:\Users\andre\AppData\Local\Programs\MiKTeX\tex/latex/ltablex\ltablex.sty
Package: ltablex 2014/08/13 v1.1 Modified tabularx
 (C:\Users\andre\AppData\Local\Programs\MiKTeX\tex/latex/tools\tabularx.sty
Package: tabularx 2023/12/11 v2.12a `tabularx' package (DPC)
\TX@col@width=\dimen274
\TX@old@table=\dimen275
\TX@old@col=\dimen276
\TX@target=\dimen277
\TX@delta=\dimen278
\TX@cols=\count321
\TX@ftn=\toks36
)) (C:\Users\andre\AppData\Local\Programs\MiKTeX\tex/latex/float\float.sty
Package: float 2001/11/08 v1.3d Float enhancements (AL)
\c@float@type=\count322
\float@exts=\toks37
\float@box=\box73
\@float@everytoks=\toks38
\@floatcapt=\box74
) (C:\Users\andre\AppData\Local\Programs\MiKTeX\tex/latex/hyperref\hyperref.sty
Package: hyperref 2025-07-12 v7.01o Hypertext links for LaTeX
 (C:\Users\andre\AppData\Local\Programs\MiKTeX\tex/latex/kvsetkeys\kvsetkeys.sty
Package: kvsetkeys 2022-10-05 v1.19 Key value parser (HO)
) (C:\Users\andre\AppData\Local\Programs\MiKTeX\tex/generic/kvdefinekeys\kvdefinekeys.sty
Package: kvdefinekeys 2019-12-19 v1.6 Define keys (HO)
) (C:\Users\andre\AppData\Local\Programs\MiKTeX\tex/generic/pdfescape\pdfescape.sty
Package: pdfescape 2019/12/09 v1.15 Implements pdfTeX's escape features (HO)
 (C:\Users\andre\AppData\Local\Programs\MiKTeX\tex/generic/ltxcmds\ltxcmds.sty
Package: ltxcmds 2023-12-04 v1.26 LaTeX kernel commands for general use (HO)
) (C:\Users\andre\AppData\Local\Programs\MiKTeX\tex/generic/pdftexcmds\pdftexcmds.sty
Package: pdftexcmds 2020-06-27 v0.33 Utility functions of pdfTeX for LuaTeX (HO)
 (C:\Users\andre\AppData\Local\Programs\MiKTeX\tex/generic/infwarerr\infwarerr.sty
Package: infwarerr 2019/12/03 v1.5 Providing info/warning/error messages (HO)
)
Package pdftexcmds Info: \pdf@primitive is available.
Package pdftexcmds Info: \pdf@ifprimitive is available.
Package pdftexcmds Info: \pdfdraftmode found.
)) (C:\Users\andre\AppData\Local\Programs\MiKTeX\tex/latex/hycolor\hycolor.sty
Package: hycolor 2020-01-27 v1.10 Color options for hyperref/bookmark (HO)
) (C:\Users\andre\AppData\Local\Programs\MiKTeX\tex/latex/hyperref\nameref.sty
Package: nameref 2025-06-21 v2.57 Cross-referencing by name of section
 (C:\Users\andre\AppData\Local\Programs\MiKTeX\tex/latex/refcount\refcount.sty
Package: refcount 2019/12/15 v3.6 Data extraction from label references (HO)
) (C:\Users\andre\AppData\Local\Programs\MiKTeX\tex/generic/gettitlestring\gettitlestring.sty
Package: gettitlestring 2019/12/15 v1.6 Cleanup title references (HO)
 (C:\Users\andre\AppData\Local\Programs\MiKTeX\tex/latex/kvoptions\kvoptions.sty
Package: kvoptions 2022-06-15 v3.15 Key value format for package options (HO)
))
\c@section@level=\count323
) (C:\Users\andre\AppData\Local\Programs\MiKTeX\tex/latex/etoolbox\etoolbox.sty
Package: etoolbox 2025/02/11 v2.5l e-TeX tools for LaTeX (JAW)
\etb@tempcnta=\count324
) (C:\Users\andre\AppData\Local\Programs\MiKTeX\tex/generic/stringenc\stringenc.sty
Package: stringenc 2019/11/29 v1.12 Convert strings between diff. encodings (HO)
)
\@linkdim=\dimen279
\Hy@linkcounter=\count325
\Hy@pagecounter=\count326
 (C:\Users\andre\AppData\Local\Programs\MiKTeX\tex/latex/hyperref\pd1enc.def
File: pd1enc.def 2025-07-12 v7.01o Hyperref: PDFDocEncoding definition (HO)
Now handling font encoding PD1 ...
... no UTF-8 mapping file for font encoding PD1
) (C:\Users\andre\AppData\Local\Programs\MiKTeX\tex/generic/intcalc\intcalc.sty
Package: intcalc 2019/12/15 v1.3 Expandable calculations with integers (HO)
)
\Hy@SavedSpaceFactor=\count327
 (C:\Users\andre\AppData\Local\Programs\MiKTeX\tex/latex/hyperref\puenc.def
File: puenc.def 2025-07-12 v7.01o Hyperref: PDF Unicode definition (HO)
Now handling font encoding PU ...
... no UTF-8 mapping file for font encoding PU
)
Package hyperref Info: Hyper figures OFF on input line 4195.
Package hyperref Info: Link nesting OFF on input line 4200.
Package hyperref Info: Hyper index ON on input line 4203.
Package hyperref Info: Plain pages OFF on input line 4210.
Package hyperref Info: Backreferencing OFF on input line 4215.
Package hyperref Info: Implicit mode ON; LaTeX internals redefined.
Package hyperref Info: Bookmarks ON on input line 4462.
\c@Hy@tempcnt=\count328
 (C:\Users\andre\AppData\Local\Programs\MiKTeX\tex/latex/url\url.sty
\Urlmuskip=\muskip17
Package: url 2013/09/16  ver 3.4  Verb mode for urls, etc.
)
LaTeX Info: Redefining \url on input line 4801.
\XeTeXLinkMargin=\dimen280
 (C:\Users\andre\AppData\Local\Programs\MiKTeX\tex/generic/bitset\bitset.sty
Package: bitset 2019/12/09 v1.3 Handle bit-vector datatype (HO)
 (C:\Users\andre\AppData\Local\Programs\MiKTeX\tex/generic/bigintcalc\bigintcalc.sty
Package: bigintcalc 2019/12/15 v1.5 Expandable calculations on big integers (HO)
))
\Fld@menulength=\count329
\Field@Width=\dimen281
\Fld@charsize=\dimen282
Package hyperref Info: Hyper figures OFF on input line 6078.
Package hyperref Info: Link nesting OFF on input line 6083.
Package hyperref Info: Hyper index ON on input line 6086.
Package hyperref Info: backreferencing OFF on input line 6093.
Package hyperref Info: Link coloring OFF on input line 6098.
Package hyperref Info: Link coloring with OCG OFF on input line 6103.
Package hyperref Info: PDF/A mode OFF on input line 6108.
\Hy@abspage=\count330
\c@Item=\count331
\c@Hfootnote=\count332
)
Package hyperref Info: Driver (autodetected): hpdftex.
 (C:\Users\andre\AppData\Local\Programs\MiKTeX\tex/latex/hyperref\hpdftex.def
File: hpdftex.def 2025-07-12 v7.01o Hyperref driver for pdfTeX
\Fld@listcount=\count333
\c@bookmark@seq@number=\count334

(C:\Users\andre\AppData\Local\Programs\MiKTeX\tex/latex/rerunfilecheck\rerunfilecheck.sty
Package: rerunfilecheck 2025-06-21 v1.11 Rerun checks for auxiliary files (HO)
 (C:\Users\andre\AppData\Local\Programs\MiKTeX\tex/generic/uniquecounter\uniquecounter.sty
Package: uniquecounter 2019/12/15 v1.4 Provide unlimited unique counter (HO)
)
Package uniquecounter Info: New unique counter `rerunfilecheck' on input line 284.
)
\Hy@SectionHShift=\skip92
) (C:\Users\andre\AppData\Local\Programs\MiKTeX\tex/latex/parskip\parskip.sty
Package: parskip 2021-03-14 v2.0h non-zero parskip adjustments
)
\c@enumv=\count335
\c@enumvi=\count336
\c@enumvii=\count337
\c@enumviii=\count338
\c@enumix=\count339
 (RAD.aux (Pagine/Introduzione/introduzione.aux) (Pagine/Sistema attuale/sistemaAttuale.aux) (Pagine/Sistema proposto/sistemaProposto.aux) (Pagine/Modelli del sistema/modelliDelSistema.aux) (Pagine/copyright/copyright.aux))
\openout1 = `RAD.aux'.

LaTeX Font Info:    Checking defaults for OML/cmm/m/it on input line 124.
LaTeX Font Info:    ... okay on input line 124.
LaTeX Font Info:    Checking defaults for OMS/cmsy/m/n on input line 124.
LaTeX Font Info:    ... okay on input line 124.
LaTeX Font Info:    Checking defaults for OT1/cmr/m/n on input line 124.
LaTeX Font Info:    ... okay on input line 124.
LaTeX Font Info:    Checking defaults for T1/cmr/m/n on input line 124.
LaTeX Font Info:    ... okay on input line 124.
LaTeX Font Info:    Checking defaults for TS1/cmr/m/n on input line 124.
LaTeX Font Info:    ... okay on input line 124.
LaTeX Font Info:    Checking defaults for OMX/cmex/m/n on input line 124.
LaTeX Font Info:    ... okay on input line 124.
LaTeX Font Info:    Checking defaults for U/cmr/m/n on input line 124.
LaTeX Font Info:    ... okay on input line 124.
LaTeX Font Info:    Checking defaults for PD1/pdf/m/n on input line 124.
LaTeX Font Info:    ... okay on input line 124.
LaTeX Font Info:    Checking defaults for PU/pdf/m/n on input line 124.
LaTeX Font Info:    ... okay on input line 124.

*geometry* driver: auto-detecting
*geometry* detected driver: pdftex
*geometry* verbose mode - [ preamble ] result:
* driver: pdftex
* paper: a4paper
* layout: <same size as paper>
* layoutoffset:(h,v)=(0.0pt,0.0pt)
* modes: 
* h-part:(L,W,R)=(71.13188pt, 455.24411pt, 71.13188pt)
* v-part:(T,H,B)=(71.13188pt, 702.78308pt, 71.13188pt)
* \paperwidth=597.50787pt
* \paperheight=845.04684pt
* \textwidth=455.24411pt
* \textheight=702.78308pt
* \oddsidemargin=-1.1381pt
* \evensidemargin=-1.1381pt
* \topmargin=-38.1381pt
* \headheight=12.0pt
* \headsep=25.0pt
* \topskip=10.0pt
* \footskip=30.0pt
* \marginparwidth=57.0pt
* \marginparsep=11.0pt
* \columnsep=10.0pt
* \skip\footins=9.0pt plus 4.0pt minus 2.0pt
* \hoffset=0.0pt
* \voffset=0.0pt
* \mag=1000
* \@twocolumnfalse
* \@twosidefalse
* \@mparswitchfalse
* \@reversemarginfalse
* (1in=72.27pt=25.4mm, 1cm=28.453pt)

(C:\Users\andre\AppData\Local\Programs\MiKTeX\tex/context/base/mkii\supp-pdf.mkii
[Loading MPS to PDF converter (version 2006.09.02).]
\scratchcounter=\count340
\scratchdimen=\dimen283
\scratchbox=\box75
\nofMPsegments=\count341
\nofMParguments=\count342
\everyMPshowfont=\toks39
\MPscratchCnt=\count343
\MPscratchDim=\dimen284
\MPnumerator=\count344
\makeMPintoPDFobject=\count345
\everyMPtoPDFconversion=\toks40
) (C:\Users\andre\AppData\Local\Programs\MiKTeX\tex/latex/epstopdf-pkg\epstopdf-base.sty
Package: epstopdf-base 2020-01-24 v2.11 Base part for package epstopdf
Package epstopdf-base Info: Redefining graphics rule for `.eps' on input line 485.
 (C:\Users\andre\AppData\Local\Programs\MiKTeX\tex/latex/00miktex\epstopdf-sys.cfg
File: epstopdf-sys.cfg 2021/03/18 v2.0 Configuration of epstopdf for MiKTeX
))
Package hyperref Info: Link coloring OFF on input line 124.
 (RAD.out) (RAD.out)
\@outlinefile=\write4
\openout4 = `RAD.out'.

*geometry* verbose mode - [ newgeometry ] result:
* driver: pdftex
* paper: a4paper
* layout: <same size as paper>
* layoutoffset:(h,v)=(0.0pt,0.0pt)
* modes: 
* h-part:(L,W,R)=(71.13188pt, 455.24411pt, 71.13188pt)
* v-part:(T,H,B)=(31.2982pt, 742.61676pt, 71.13188pt)
* \paperwidth=597.50787pt
* \paperheight=845.04684pt
* \textwidth=455.24411pt
* \textheight=742.61676pt
* \oddsidemargin=-1.1381pt
* \evensidemargin=-1.1381pt
* \topmargin=-77.97179pt
* \headheight=12.0pt
* \headsep=25.0pt
* \topskip=10.0pt
* \footskip=30.0pt
* \marginparwidth=57.0pt
* \marginparsep=11.0pt
* \columnsep=10.0pt
* \skip\footins=9.0pt plus 4.0pt minus 2.0pt
* \hoffset=0.0pt
* \voffset=0.0pt
* \mag=1000
* \@twocolumnfalse
* \@twosidefalse
* \@mparswitchfalse
* \@reversemarginfalse
* (1in=72.27pt=25.4mm, 1cm=28.453pt)

<Immagini/Unipa.png, id=434, 963.6pt x 963.6pt>
File: Immagini/Unipa.png Graphic file (type png)
<use Immagini/Unipa.png>
Package pdftex.def Info: Immagini/Unipa.png  used on input line 139.
(pdftex.def)             Requested size: 51.2117pt x 51.21504pt.
LaTeX Font Info:    External font `cmex10' loaded for size
(Font)              <7> on input line 140.
LaTeX Font Info:    External font `cmex10' loaded for size
(Font)              <5> on input line 140.

Overfull \hbox (7.91135pt too wide) in paragraph at lines 136--148
[]$[]$  $[]$ 
 []

<Immagini/logo.png, id=436, 333.245pt x 156.585pt>
File: Immagini/logo.png Graphic file (type png)
<use Immagini/logo.png>
Package pdftex.def Info: Immagini/logo.png  used on input line 159.
(pdftex.def)             Requested size: 151.38771pt x 71.13188pt.


[1


{C:/Users/andre/AppData/Local/MiKTeX/fonts/map/pdftex/pdftex.map} <./Immagini/Unipa.png> <./Immagini/logo.png>] (RAD.toc


pdfTeX warning (ext4): destination with the same identifier (name{page.1}) has been already used, duplicate ignored
<to be read again> 
                   \relax 
l.56 ...isibilit\`a ArtID}{47}{paragraph.4.1.6.15}
                                                  % [1

])
\tf@toc=\write5
\openout5 = `RAD.toc'.



[2]
\openout2 = `Pagine/Introduzione/introduzione.aux'.

 (Pagine/Introduzione/introduzione.tex
Underfull \hbox (badness 1178) in paragraph at lines 39--39
\OT1/cmss/m/n/10 rispetto alla scher-mata cor-rente, dis-abil-i-tando tem-po-ranea-mente
 []

[3

])

[4]
\openout2 = `"Pagine/Sistema attuale/sistemaAttuale.aux"'.

 (Pagine/Sistema attuale/sistemaAttuale.tex)

[5



]
\openout2 = `"Pagine/Sistema proposto/sistemaProposto.aux"'.

 (Pagine/Sistema proposto/sistemaProposto.tex
Underfull \hbox (badness 10000) in paragraph at lines 35--38

 []



[6



]

[7])

[8]
\openout2 = `"Pagine/Modelli del sistema/modelliDelSistema.aux"'.

 (Pagine/Modelli del sistema/modelliDelSistema.tex
<Immagini/Vista degli attori.png, id=594, 586.80098pt x 366.8488pt>
File: Immagini/Vista degli attori.png Graphic file (type png)
<use Immagini/Vista degli attori.png>
Package pdftex.def Info: Immagini/Vista degli attori.png  used on input line 13.
(pdftex.def)             Requested size: 432.48888pt x 270.37791pt.


[9



 <./Immagini/Vista degli attori.png>]
<Immagini/Vista d'insieme.png, id=600, 882.95087pt x 737.62532pt>
File: Immagini/Vista d'insieme.png Graphic file (type png)
<use Immagini/Vista d'insieme.png>
Package pdftex.def Info: Immagini/Vista d'insieme.png  used on input line 23.
(pdftex.def)             Requested size: 432.47456pt x 361.29324pt.


[10

 <./Immagini/Vista d'insieme.png>]

[11

]

[12

]
Underfull \hbox (badness 10000) in paragraph at lines 103--105

 []



[13

] (Pagine/Modelli del sistema/Macro casi d'uso/autenticazione.tex
<Immagini/Use-case diagrams/Macro-caso d'uso - Autenticazione.png, id=638, 1337.78055pt x 743.12413pt>
File: Immagini/Use-case diagrams/Macro-caso d'uso - Autenticazione.png Graphic file (type png)
<use Immagini/Use-case diagrams/Macro-caso d'uso - Autenticazione.png>
Package pdftex.def Info: Immagini/Use-case diagrams/Macro-caso d'uso - Autenticazione.png  used on input line 6.
(pdftex.def)             Requested size: 432.48729pt x 240.2425pt.


[14

 <./Immagini/Use-case diagrams/Macro-caso d'uso - Autenticazione.png>] [15

]

[16] [17

]

[18] [19

]

[20]

[21

]

[22

]

[23

]
Underfull \hbox (badness 1990) in paragraph at lines 408--408
[]\OT1/cmss/m/n/10 Il Mem-bro preme il pul-sante ``CON-FERMA ELIM-I-
 []



[24

]

[25

]) (Pagine/Modelli del sistema/Macro casi d'uso/gestioneProfilo.tex
<Immagini/Use-case diagrams/Macro-caso d'uso - Gestione Profilo.png, id=890, 611.93837pt x 727.41325pt>
File: Immagini/Use-case diagrams/Macro-caso d'uso - Gestione Profilo.png Graphic file (type png)
<use Immagini/Use-case diagrams/Macro-caso d'uso - Gestione Profilo.png>
Package pdftex.def Info: Immagini/Use-case diagrams/Macro-caso d'uso - Gestione Profilo.png  used on input line 6.
(pdftex.def)             Requested size: 432.49976pt x 514.11394pt.


[26

 <./Immagini/Use-case diagrams/Macro-caso d'uso - Gestione Profilo.png>]

[27

]

[28

]

[29

]

[30

]

[31

]

[32

]

[33

]) (Pagine/Modelli del sistema/Macro casi d'uso/gestioneMateriali.tex
<Immagini/Use-case diagrams/Macro-caso d'uso - Gestione Materiali.png, id=1009, 1351.92032pt x 1032.20413pt>
File: Immagini/Use-case diagrams/Macro-caso d'uso - Gestione Materiali.png Graphic file (type png)
<use Immagini/Use-case diagrams/Macro-caso d'uso - Gestione Materiali.png>
Package pdftex.def Info: Immagini/Use-case diagrams/Macro-caso d'uso - Gestione Materiali.png  used on input line 6.
(pdftex.def)             Requested size: 432.47894pt x 330.20181pt.


[34

 <./Immagini/Use-case diagrams/Macro-caso d'uso - Gestione Materiali.png>]

[35

]

[36

]

[37

]

[38

]

[39

]

[40

]

[41

]

[42

]

[43

]

[44

]

[45

]

[46

]

[47

]

[48

]

[49

]

[50

]

[51

]) (Pagine/Modelli del sistema/Macro casi d'uso/condivisione.tex
<Immagini/Use-case diagrams/Macro-caso d'uso - Condivisione.png, id=1238, 1031.4186pt x 1032.20413pt>
File: Immagini/Use-case diagrams/Macro-caso d'uso - Condivisione.png Graphic file (type png)
<use Immagini/Use-case diagrams/Macro-caso d'uso - Condivisione.png>
Package pdftex.def Info: Immagini/Use-case diagrams/Macro-caso d'uso - Condivisione.png  used on input line 6.
(pdftex.def)             Requested size: 432.4689pt x 432.79828pt.


[52

 <./Immagini/Use-case diagrams/Macro-caso d'uso - Condivisione.png>]
Underfull \hbox (badness 3872) in paragraph at lines 83--83
[]\OT1/cmss/m/n/10 Il sis-tema richiede al DBMS i con-tenuti
 []


Underfull \hbox (badness 3735) in paragraph at lines 83--83
[]\OT1/cmss/m/n/10 Il sis-tema mostra a schermo i con-tenuti
 []

[53

] [54]

[55]

[56

]

[57

]

[58

]

[59

]

[60

]

[61

]

[62

]

[63

]

[64

]
Underfull \hbox (badness 10000) in paragraph at lines 456--456

 []



[65

]
Underfull \hbox (badness 10000) in paragraph at lines 480--480

 []



[66

]

[67

]

[68

]) (Pagine/Modelli del sistema/Macro casi d'uso/discovery.tex
<Immagini/Use-case diagrams/Macro-caso d'uso - Discovery.png, id=1503, 526.31413pt x 260.80043pt>
File: Immagini/Use-case diagrams/Macro-caso d'uso - Discovery.png Graphic file (type png)
<use Immagini/Use-case diagrams/Macro-caso d'uso - Discovery.png>
Package pdftex.def Info: Immagini/Use-case diagrams/Macro-caso d'uso - Discovery.png  used on input line 6.
(pdftex.def)             Requested size: 432.47984pt x 214.30342pt.


[69

 <./Immagini/Use-case diagrams/Macro-caso d'uso - Discovery.png>]

[70

]

[71

]) (Pagine/Modelli del sistema/Modelli degli oggetti/entity.tex)

[72

] (Pagine/Modelli del sistema/Modelli degli oggetti/boundary.tex
Underfull \hbox (badness 1817) in paragraph at lines 42--42
[]|\OT1/cmss/m/n/10 Schermata che con-sente l'autenticazione degli utenti tramite
 []

[73

] [74])

[75] (Pagine/Modelli del sistema/Modelli degli oggetti/control.tex [76

])

[77] (Pagine/Modelli del sistema/Modelli degli oggetti/diagrammiDelleClassi.tex
<Immagini/Class Diagrams/Entity.png, id=1564, 1046.34392pt x 721.1289pt>
File: Immagini/Class Diagrams/Entity.png Graphic file (type png)
<use Immagini/Class Diagrams/Entity.png>
Package pdftex.def Info: Immagini/Class Diagrams/Entity.png  used on input line 5.
(pdftex.def)             Requested size: 432.48436pt x 298.06354pt.
<Immagini/Class Diagrams/Autenticazione.png, id=1565, 1251.37076pt x 1544.37848pt>
File: Immagini/Class Diagrams/Autenticazione.png Graphic file (type png)
<use Immagini/Class Diagrams/Autenticazione.png>
Package pdftex.def Info: Immagini/Class Diagrams/Autenticazione.png  used on input line 12.
(pdftex.def)             Requested size: 432.48715pt x 533.75377pt.


[78 <./Immagini/Class Diagrams/Entity.png>]
<Immagini/Class Diagrams/Gestione Profilo.png, id=1572, 1171.24533pt x 1334.63837pt>
File: Immagini/Class Diagrams/Gestione Profilo.png Graphic file (type png)
<use Immagini/Class Diagrams/Gestione Profilo.png>
Package pdftex.def Info: Immagini/Class Diagrams/Gestione Profilo.png  used on input line 19.
(pdftex.def)             Requested size: 432.47827pt x 492.8106pt.


[79 <./Immagini/Class Diagrams/Autenticazione.png>]
<Immagini/Class Diagrams/Gestione Materiali.png, id=1578, 1344.85043pt x 1794.96684pt>
File: Immagini/Class Diagrams/Gestione Materiali.png Graphic file (type png)
<use Immagini/Class Diagrams/Gestione Materiali.png>
Package pdftex.def Info: Immagini/Class Diagrams/Gestione Materiali.png  used on input line 26.
(pdftex.def)             Requested size: 432.47456pt x 577.2222pt.


[80 <./Immagini/Class Diagrams/Gestione Profilo.png>]
<Immagini/Class Diagrams/Condivisione.png, id=1584, 1563.23152pt x 1457.18315pt>
File: Immagini/Class Diagrams/Condivisione.png Graphic file (type png)
<use Immagini/Class Diagrams/Condivisione.png>
Package pdftex.def Info: Immagini/Class Diagrams/Condivisione.png  used on input line 33.
(pdftex.def)             Requested size: 432.47804pt x 403.13908pt.


[81 <./Immagini/Class Diagrams/Gestione Materiali.png>]
<Immagini/Class Diagrams/Discovery.png, id=1590, 720.34337pt x 1108.40184pt>
File: Immagini/Class Diagrams/Discovery.png Graphic file (type png)
<use Immagini/Class Diagrams/Discovery.png>
Package pdftex.def Info: Immagini/Class Diagrams/Discovery.png  used on input line 40.
(pdftex.def)             Requested size: 432.49513pt x 665.48598pt.
)

[82 <./Immagini/Class Diagrams/Condivisione.png>]

[83 <./Immagini/Class Diagrams/Discovery.png>] (Pagine/Modelli del sistema/Modelli dinamici/modelliDinamici.tex (Pagine/Modelli del sistema/Modelli dinamici/Macro casi d'uso/autenticazione.tex
<Immagini/Sequence Diagrams/Autenticazione/Registrazione Membro AFAM.png, id=1601, 1805.17891pt x 2947.35913pt>
File: Immagini/Sequence Diagrams/Autenticazione/Registrazione Membro AFAM.png Graphic file (type png)
<use Immagini/Sequence Diagrams/Autenticazione/Registrazione Membro AFAM.png>
Package pdftex.def Info: Immagini/Sequence Diagrams/Autenticazione/Registrazione Membro AFAM.png  used on input line 5.
(pdftex.def)             Requested size: 387.38974pt x 632.50058pt.


[84]
<Immagini/Sequence Diagrams/Autenticazione/Login Membro AFAM.png, id=1607, 1622.93283pt x 2791.82152pt>
File: Immagini/Sequence Diagrams/Autenticazione/Login Membro AFAM.png Graphic file (type png)
<use Immagini/Sequence Diagrams/Autenticazione/Login Membro AFAM.png>
Package pdftex.def Info: Immagini/Sequence Diagrams/Autenticazione/Login Membro AFAM.png  used on input line 11.
(pdftex.def)             Requested size: 388.1003pt x 667.62268pt.


[85 <./Immagini/Sequence Diagrams/Autenticazione/Registrazione Membro AFAM.png>]
<Immagini/Sequence Diagrams/Autenticazione/Autenticazione con Identità Digitale.png, id=1614, 2117.82521pt x 2197.95065pt>
File: Immagini/Sequence Diagrams/Autenticazione/Autenticazione con Identità Digitale.png Graphic file (type png)
<use Immagini/Sequence Diagrams/Autenticazione/Autenticazione con Identità Digitale.png>
Package pdftex.def Info: Immagini/Sequence Diagrams/Autenticazione/Autenticazione con Identità Digitale.png  used on input line 17.
(pdftex.def)             Requested size: 432.47658pt x 448.83884pt.


[86 <./Immagini/Sequence Diagrams/Autenticazione/Login Membro AFAM.png>]
<Immagini/Sequence Diagrams/Autenticazione/Modifica Password.png, id=1621, 1433.61685pt x 2367.62804pt>
File: Immagini/Sequence Diagrams/Autenticazione/Modifica Password.png Graphic file (type png)
<use Immagini/Sequence Diagrams/Autenticazione/Modifica Password.png>
Package pdftex.def Info: Immagini/Sequence Diagrams/Autenticazione/Modifica Password.png  used on input line 23.
(pdftex.def)             Requested size: 404.25375pt x 667.62787pt.


[87 <./Immagini/Sequence Diagrams/Autenticazione/Autenticazione con Identità Digitale.png>]
<Immagini/Sequence Diagrams/Autenticazione/Password Dimenticata.png, id=1628, 1901.80077pt x 2658.27913pt>
File: Immagini/Sequence Diagrams/Autenticazione/Password Dimenticata.png Graphic file (type png)
<use Immagini/Sequence Diagrams/Autenticazione/Password Dimenticata.png>
Package pdftex.def Info: Immagini/Sequence Diagrams/Autenticazione/Password Dimenticata.png  used on input line 29.
(pdftex.def)             Requested size: 432.47173pt x 604.4958pt.


[88 <./Immagini/Sequence Diagrams/Autenticazione/Modifica Password.png>]
<Immagini/Sequence Diagrams/Autenticazione/Logout Membro AFAM.png, id=1635, 809.89532pt x 562.44913pt>
File: Immagini/Sequence Diagrams/Autenticazione/Logout Membro AFAM.png Graphic file (type png)
<use Immagini/Sequence Diagrams/Autenticazione/Logout Membro AFAM.png>
Package pdftex.def Info: Immagini/Sequence Diagrams/Autenticazione/Logout Membro AFAM.png  used on input line 35.
(pdftex.def)             Requested size: 432.48027pt x 300.34517pt.


[89 <./Immagini/Sequence Diagrams/Autenticazione/Password Dimenticata.png>]
<Immagini/Sequence Diagrams/Autenticazione/Eliminazione Account.png, id=1642, 1855.45369pt x 2227.8013pt>
File: Immagini/Sequence Diagrams/Autenticazione/Eliminazione Account.png Graphic file (type png)
<use Immagini/Sequence Diagrams/Autenticazione/Eliminazione Account.png>
Package pdftex.def Info: Immagini/Sequence Diagrams/Autenticazione/Eliminazione Account.png  used on input line 41.
(pdftex.def)             Requested size: 432.46439pt x 519.25021pt.


[90 <./Immagini/Sequence Diagrams/Autenticazione/Logout Membro AFAM.png>]
<Immagini/Sequence Diagrams/Autenticazione/Genera OTP.png, id=1650, 1292.21902pt x 2426.54381pt>
File: Immagini/Sequence Diagrams/Autenticazione/Genera OTP.png Graphic file (type png)
<use Immagini/Sequence Diagrams/Autenticazione/Genera OTP.png>
Package pdftex.def Info: Immagini/Sequence Diagrams/Autenticazione/Genera OTP.png  used on input line 47.
(pdftex.def)             Requested size: 355.52893pt x 667.61635pt.
)

[91 <./Immagini/Sequence Diagrams/Autenticazione/Eliminazione Account.png>]

[92 <./Immagini/Sequence Diagrams/Autenticazione/Genera OTP.png>] (Pagine/Modelli del sistema/Modelli dinamici/Macro casi d'uso/gestioneProfilo.tex
<Immagini/Sequence Diagrams/Gestione Profilo/Visualizza schermata _GESTIONE PROFILO_.png, id=1663, 1093.47652pt x 499.60565pt>
File: Immagini/Sequence Diagrams/Gestione Profilo/Visualizza schermata _GESTIONE PROFILO_.png Graphic file (type png)
<use Immagini/Sequence Diagrams/Gestione Profilo/Visualizza schermata _GESTIONE PROFILO_.png>
Package pdftex.def Info: Immagini/Sequence Diagrams/Gestione Profilo/Visualizza schermata _GESTIONE PROFILO_.png  used on input line 5.
(pdftex.def)             Requested size: 432.47745pt x 197.59744pt.
<Immagini/Sequence Diagrams/Gestione Profilo/Visualizza schermata _GESTIONE CERTIFICATI_.png, id=1664, 1216.80685pt x 1013.35109pt>
File: Immagini/Sequence Diagrams/Gestione Profilo/Visualizza schermata _GESTIONE CERTIFICATI_.png Graphic file (type png)
<use Immagini/Sequence Diagrams/Gestione Profilo/Visualizza schermata _GESTIONE CERTIFICATI_.png>
Package pdftex.def Info: Immagini/Sequence Diagrams/Gestione Profilo/Visualizza schermata _GESTIONE CERTIFICATI_.png  used on input line 11.
(pdftex.def)             Requested size: 432.48006pt x 360.16737pt.
<Immagini/Sequence Diagrams/Gestione Profilo/Aggiorna Informazioni Profilo.png, id=1665, 1258.44066pt x 2007.84914pt>
File: Immagini/Sequence Diagrams/Gestione Profilo/Aggiorna Informazioni Profilo.png Graphic file (type png)
<use Immagini/Sequence Diagrams/Gestione Profilo/Aggiorna Informazioni Profilo.png>
Package pdftex.def Info: Immagini/Sequence Diagrams/Gestione Profilo/Aggiorna Informazioni Profilo.png  used on input line 17.
(pdftex.def)             Requested size: 418.45508pt x 667.64742pt.


[93

 <./Immagini/Sequence Diagrams/Gestione Profilo/Visualizza schermata _GESTIONE PROFILO_.png> <./Immagini/Sequence Diagrams/Gestione Profilo/Visualizza schermata _GESTIONE CERTIFICATI_.png>]
<Immagini/Sequence Diagrams/Gestione Profilo/Nuovo Certificato.png, id=1674, 1438.33011pt x 1729.76674pt>
File: Immagini/Sequence Diagrams/Gestione Profilo/Nuovo Certificato.png Graphic file (type png)
<use Immagini/Sequence Diagrams/Gestione Profilo/Nuovo Certificato.png>
Package pdftex.def Info: Immagini/Sequence Diagrams/Gestione Profilo/Nuovo Certificato.png  used on input line 23.
(pdftex.def)             Requested size: 432.46803pt x 520.09537pt.


[94 <./Immagini/Sequence Diagrams/Gestione Profilo/Aggiorna Informazioni Profilo.png>]
<Immagini/Sequence Diagrams/Gestione Profilo/Scarica Certificato.png, id=1681, 1019.63544pt x 741.55304pt>
File: Immagini/Sequence Diagrams/Gestione Profilo/Scarica Certificato.png Graphic file (type png)
<use Immagini/Sequence Diagrams/Gestione Profilo/Scarica Certificato.png>
Package pdftex.def Info: Immagini/Sequence Diagrams/Gestione Profilo/Scarica Certificato.png  used on input line 29.
(pdftex.def)             Requested size: 432.47585pt x 314.52788pt.


[95 <./Immagini/Sequence Diagrams/Gestione Profilo/Nuovo Certificato.png>]
<Immagini/Sequence Diagrams/Gestione Profilo/Rimuovi Certificato.png, id=1688, 1154.74892pt x 978.00163pt>
File: Immagini/Sequence Diagrams/Gestione Profilo/Rimuovi Certificato.png Graphic file (type png)
<use Immagini/Sequence Diagrams/Gestione Profilo/Rimuovi Certificato.png>
Package pdftex.def Info: Immagini/Sequence Diagrams/Gestione Profilo/Rimuovi Certificato.png  used on input line 35.
(pdftex.def)             Requested size: 432.48357pt x 366.2871pt.


[96 <./Immagini/Sequence Diagrams/Gestione Profilo/Scarica Certificato.png>]
<Immagini/Sequence Diagrams/Gestione Profilo/Modifica Certificato.png, id=1696, 1055.77043pt x 1259.2262pt>
File: Immagini/Sequence Diagrams/Gestione Profilo/Modifica Certificato.png Graphic file (type png)
<use Immagini/Sequence Diagrams/Gestione Profilo/Modifica Certificato.png>
Package pdftex.def Info: Immagini/Sequence Diagrams/Gestione Profilo/Modifica Certificato.png  used on input line 41.
(pdftex.def)             Requested size: 432.48206pt x 515.82495pt.


[97 <./Immagini/Sequence Diagrams/Gestione Profilo/Rimuovi Certificato.png>]
<Immagini/Sequence Diagrams/Gestione Profilo/Collega SPID.png, id=1703, 1794.96684pt x 1142.96576pt>
File: Immagini/Sequence Diagrams/Gestione Profilo/Collega SPID.png Graphic file (type png)
<use Immagini/Sequence Diagrams/Gestione Profilo/Collega SPID.png>
Package pdftex.def Info: Immagini/Sequence Diagrams/Gestione Profilo/Collega SPID.png  used on input line 47.
(pdftex.def)             Requested size: 432.47157pt x 275.38124pt.
)

[98 <./Immagini/Sequence Diagrams/Gestione Profilo/Modifica Certificato.png>]

[99 <./Immagini/Sequence Diagrams/Gestione Profilo/Collega SPID.png>] (Pagine/Modelli del sistema/Modelli dinamici/Macro casi d'uso/gestioneMateriali.tex
<Immagini/Sequence Diagrams/Gestione Materiali/Visualizza Schermata _Gestione ArtID_.png, id=1716, 1178.31522pt x 1022.7776pt>
File: Immagini/Sequence Diagrams/Gestione Materiali/Visualizza Schermata _Gestione ArtID_.png Graphic file (type png)
<use Immagini/Sequence Diagrams/Gestione Materiali/Visualizza Schermata _Gestione ArtID_.png>
Package pdftex.def Info: Immagini/Sequence Diagrams/Gestione Materiali/Visualizza Schermata _Gestione ArtID_.png  used on input line 5.
(pdftex.def)             Requested size: 432.48177pt x 375.39417pt.
<Immagini/Sequence Diagrams/Gestione Materiali/Visualizza Schermata _Gestione Materiali_.png, id=1717, 1160.24771pt x 1050.27164pt>
File: Immagini/Sequence Diagrams/Gestione Materiali/Visualizza Schermata _Gestione Materiali_.png Graphic file (type png)
<use Immagini/Sequence Diagrams/Gestione Materiali/Visualizza Schermata _Gestione Materiali_.png>
Package pdftex.def Info: Immagini/Sequence Diagrams/Gestione Materiali/Visualizza Schermata _Gestione Materiali_.png  used on input line 11.
(pdftex.def)             Requested size: 432.48935pt x 391.4951pt.


[100

 <./Immagini/Sequence Diagrams/Gestione Materiali/Visualizza Schermata _Gestione ArtID_.png>]
<Immagini/Sequence Diagrams/Gestione Materiali/Visualizza Schermata _Dettagli ArtID_.png, id=1724, 1216.0213pt x 597.79858pt>
File: Immagini/Sequence Diagrams/Gestione Materiali/Visualizza Schermata _Dettagli ArtID_.png Graphic file (type png)
<use Immagini/Sequence Diagrams/Gestione Materiali/Visualizza Schermata _Dettagli ArtID_.png>
Package pdftex.def Info: Immagini/Sequence Diagrams/Gestione Materiali/Visualizza Schermata _Dettagli ArtID_.png  used on input line 17.
(pdftex.def)             Requested size: 432.47917pt x 212.60765pt.
<Immagini/Sequence Diagrams/Gestione Materiali/Carica Materiale.png, id=1725, 1299.28891pt x 1158.67664pt>
File: Immagini/Sequence Diagrams/Gestione Materiali/Carica Materiale.png Graphic file (type png)
<use Immagini/Sequence Diagrams/Gestione Materiali/Carica Materiale.png>
Package pdftex.def Info: Immagini/Sequence Diagrams/Gestione Materiali/Carica Materiale.png  used on input line 23.
(pdftex.def)             Requested size: 432.47404pt x 385.67062pt.


[101 <./Immagini/Sequence Diagrams/Gestione Materiali/Visualizza Schermata _Gestione Materiali_.png> <./Immagini/Sequence Diagrams/Gestione Materiali/Visualizza Schermata _Dettagli ArtID_.png>]
<Immagini/Sequence Diagrams/Gestione Materiali/Cancella Materiale.png, id=1734, 1191.66946pt x 1150.03566pt>
File: Immagini/Sequence Diagrams/Gestione Materiali/Cancella Materiale.png Graphic file (type png)
<use Immagini/Sequence Diagrams/Gestione Materiali/Cancella Materiale.png>
Package pdftex.def Info: Immagini/Sequence Diagrams/Gestione Materiali/Cancella Materiale.png  used on input line 29.
(pdftex.def)             Requested size: 432.47371pt x 417.36421pt.


[102 <./Immagini/Sequence Diagrams/Gestione Materiali/Carica Materiale.png>]
<Immagini/Sequence Diagrams/Gestione Materiali/Modifica Materiale.png, id=1742, 1095.0476pt x 1162.60435pt>
File: Immagini/Sequence Diagrams/Gestione Materiali/Modifica Materiale.png Graphic file (type png)
<use Immagini/Sequence Diagrams/Gestione Materiali/Modifica Materiale.png>
Package pdftex.def Info: Immagini/Sequence Diagrams/Gestione Materiali/Modifica Materiale.png  used on input line 35.
(pdftex.def)             Requested size: 432.48059pt x 459.1616pt.


[103 <./Immagini/Sequence Diagrams/Gestione Materiali/Cancella Materiale.png>]
<Immagini/Sequence Diagrams/Gestione Materiali/Aggiungi Materiale ai preferiti.png, id=1749, 1074.62347pt x 728.1988pt>
File: Immagini/Sequence Diagrams/Gestione Materiali/Aggiungi Materiale ai preferiti.png Graphic file (type png)
<use Immagini/Sequence Diagrams/Gestione Materiali/Aggiungi Materiale ai preferiti.png>
Package pdftex.def Info: Immagini/Sequence Diagrams/Gestione Materiali/Aggiungi Materiale ai preferiti.png  used on input line 41.
(pdftex.def)             Requested size: 432.48177pt x 293.0633pt.


[104 <./Immagini/Sequence Diagrams/Gestione Materiali/Modifica Materiale.png>]
<Immagini/Sequence Diagrams/Gestione Materiali/Crea ArtID.png, id=1756, 1753.33304pt x 2645.71043pt>
File: Immagini/Sequence Diagrams/Gestione Materiali/Crea ArtID.png Graphic file (type png)
<use Immagini/Sequence Diagrams/Gestione Materiali/Crea ArtID.png>
Package pdftex.def Info: Immagini/Sequence Diagrams/Gestione Materiali/Crea ArtID.png  used on input line 47.
(pdftex.def)             Requested size: 432.47313pt x 652.58492pt.


[105 <./Immagini/Sequence Diagrams/Gestione Materiali/Aggiungi Materiale ai preferiti.png>]
<Immagini/Sequence Diagrams/Gestione Materiali/Aggiungi Materiale.png, id=1763, 1386.48424pt x 1032.20413pt>
File: Immagini/Sequence Diagrams/Gestione Materiali/Aggiungi Materiale.png Graphic file (type png)
<use Immagini/Sequence Diagrams/Gestione Materiali/Aggiungi Materiale.png>
Package pdftex.def Info: Immagini/Sequence Diagrams/Gestione Materiali/Aggiungi Materiale.png  used on input line 53.
(pdftex.def)             Requested size: 432.47133pt x 321.9645pt.


[106 <./Immagini/Sequence Diagrams/Gestione Materiali/Crea ArtID.png>]
<Immagini/Sequence Diagrams/Gestione Materiali/Rimuovi Materiale.png, id=1770, 1388.84087pt x 608.79619pt>
File: Immagini/Sequence Diagrams/Gestione Materiali/Rimuovi Materiale.png Graphic file (type png)
<use Immagini/Sequence Diagrams/Gestione Materiali/Rimuovi Materiale.png>
Package pdftex.def Info: Immagini/Sequence Diagrams/Gestione Materiali/Rimuovi Materiale.png  used on input line 59.
(pdftex.def)             Requested size: 432.48589pt x 189.5795pt.
<Immagini/Sequence Diagrams/Gestione Materiali/Cancella ArtID.png, id=1771, 1428.90358pt x 839.74597pt>
File: Immagini/Sequence Diagrams/Gestione Materiali/Cancella ArtID.png Graphic file (type png)
<use Immagini/Sequence Diagrams/Gestione Materiali/Cancella ArtID.png>
Package pdftex.def Info: Immagini/Sequence Diagrams/Gestione Materiali/Cancella ArtID.png  used on input line 65.
(pdftex.def)             Requested size: 432.46815pt x 254.15527pt.


[107 <./Immagini/Sequence Diagrams/Gestione Materiali/Aggiungi Materiale.png> <./Immagini/Sequence Diagrams/Gestione Materiali/Rimuovi Materiale.png>]
File: Immagini/Sequence Diagrams/Gestione Materiali/Cancella ArtID.png Graphic file (type png)
<use Immagini/Sequence Diagrams/Gestione Materiali/Cancella ArtID.png>
Package pdftex.def Info: Immagini/Sequence Diagrams/Gestione Materiali/Cancella ArtID.png  used on input line 71.
(pdftex.def)             Requested size: 432.46815pt x 254.15527pt.
<Immagini/Sequence Diagrams/Gestione Materiali/Aggiungi ArtID ai preferiti.png, id=1780, 1079.33675pt x 723.48555pt>
File: Immagini/Sequence Diagrams/Gestione Materiali/Aggiungi ArtID ai preferiti.png Graphic file (type png)
<use Immagini/Sequence Diagrams/Gestione Materiali/Aggiungi ArtID ai preferiti.png>
Package pdftex.def Info: Immagini/Sequence Diagrams/Gestione Materiali/Aggiungi ArtID ai preferiti.png  used on input line 77.
(pdftex.def)             Requested size: 432.48465pt x 289.89691pt.


[108 <./Immagini/Sequence Diagrams/Gestione Materiali/Cancella ArtID.png>]
<Immagini/Sequence Diagrams/Gestione Materiali/Aggiorna Visibilità ArtID.png, id=1789, 1169.67424pt x 918.30032pt>
File: Immagini/Sequence Diagrams/Gestione Materiali/Aggiorna Visibilità ArtID.png Graphic file (type png)
<use Immagini/Sequence Diagrams/Gestione Materiali/Aggiorna Visibilità ArtID.png>
Package pdftex.def Info: Immagini/Sequence Diagrams/Gestione Materiali/Aggiorna Visibilità ArtID.png  used on input line 83.
(pdftex.def)             Requested size: 432.46928pt x 339.52759pt.
<Immagini/Sequence Diagrams/Gestione Materiali/Crea Tag.png, id=1790, 1241.94424pt x 1743.90652pt>
File: Immagini/Sequence Diagrams/Gestione Materiali/Crea Tag.png Graphic file (type png)
<use Immagini/Sequence Diagrams/Gestione Materiali/Crea Tag.png>
Package pdftex.def Info: Immagini/Sequence Diagrams/Gestione Materiali/Crea Tag.png  used on input line 89.
(pdftex.def)             Requested size: 432.46979pt x 607.26308pt.


[109 <./Immagini/Sequence Diagrams/Gestione Materiali/Aggiungi ArtID ai preferiti.png> <./Immagini/Sequence Diagrams/Gestione Materiali/Aggiorna Visibilità ArtID.png>]
<Immagini/Sequence Diagrams/Gestione Materiali/Aggiungi Tag.png, id=1799, 1194.81163pt x 1149.2501pt>
File: Immagini/Sequence Diagrams/Gestione Materiali/Aggiungi Tag.png Graphic file (type png)
<use Immagini/Sequence Diagrams/Gestione Materiali/Aggiungi Tag.png>
Package pdftex.def Info: Immagini/Sequence Diagrams/Gestione Materiali/Aggiungi Tag.png  used on input line 95.
(pdftex.def)             Requested size: 432.4837pt x 415.99188pt.


[110 <./Immagini/Sequence Diagrams/Gestione Materiali/Crea Tag.png>]
<Immagini/Sequence Diagrams/Gestione Materiali/Rimuovi Tag.png, id=1806, 897.87619pt x 472.11163pt>
File: Immagini/Sequence Diagrams/Gestione Materiali/Rimuovi Tag.png Graphic file (type png)
<use Immagini/Sequence Diagrams/Gestione Materiali/Rimuovi Tag.png>
Package pdftex.def Info: Immagini/Sequence Diagrams/Gestione Materiali/Rimuovi Tag.png  used on input line 101.
(pdftex.def)             Requested size: 432.48273pt x 227.40343pt.


[111 <./Immagini/Sequence Diagrams/Gestione Materiali/Aggiungi Tag.png>]
<Immagini/Sequence Diagrams/Gestione Materiali/Preview ArtID.png, id=1813, 1237.23097pt x 724.27109pt>
File: Immagini/Sequence Diagrams/Gestione Materiali/Preview ArtID.png Graphic file (type png)
<use Immagini/Sequence Diagrams/Gestione Materiali/Preview ArtID.png>
Package pdftex.def Info: Immagini/Sequence Diagrams/Gestione Materiali/Preview ArtID.png  used on input line 107.
(pdftex.def)             Requested size: 432.47098pt x 253.16713pt.
)

[112 <./Immagini/Sequence Diagrams/Gestione Materiali/Rimuovi Tag.png> <./Immagini/Sequence Diagrams/Gestione Materiali/Preview ArtID.png>] (Pagine/Modelli del sistema/Modelli dinamici/Macro casi d'uso/condivisione.tex
<Immagini/Sequence Diagrams/Condivisione/Visualizza schermata _BACHECA CONDIVISIONI_.png, id=1822, 1450.11327pt x 1110.75848pt>
File: Immagini/Sequence Diagrams/Condivisione/Visualizza schermata _BACHECA CONDIVISIONI_.png Graphic file (type png)
<use Immagini/Sequence Diagrams/Condivisione/Visualizza schermata _BACHECA CONDIVISIONI_.png>
Package pdftex.def Info: Immagini/Sequence Diagrams/Condivisione/Visualizza schermata _BACHECA CONDIVISIONI_.png  used on input line 5.
(pdftex.def)             Requested size: 432.47061pt x 331.26405pt.
<Immagini/Sequence Diagrams/Condivisione/Visualizza schermata _DETTAGLI ARTID_ condiviso.png, id=1823, 1109.97293pt x 595.44196pt>
File: Immagini/Sequence Diagrams/Condivisione/Visualizza schermata _DETTAGLI ARTID_ condiviso.png Graphic file (type png)
<use Immagini/Sequence Diagrams/Condivisione/Visualizza schermata _DETTAGLI ARTID_ condiviso.png>
Package pdftex.def Info: Immagini/Sequence Diagrams/Condivisione/Visualizza schermata _DETTAGLI ARTID_ condiviso.png  used on input line 11.
(pdftex.def)             Requested size: 432.46428pt x 231.99428pt.
<Immagini/Sequence Diagrams/Condivisione/Visualizza ArtID condiviso tramite link.png, id=1824, 1092.69098pt x 2804.39021pt>
File: Immagini/Sequence Diagrams/Condivisione/Visualizza ArtID condiviso tramite link.png Graphic file (type png)
<use Immagini/Sequence Diagrams/Condivisione/Visualizza ArtID condiviso tramite link.png>
Package pdftex.def Info: Immagini/Sequence Diagrams/Condivisione/Visualizza ArtID condiviso tramite link.png  used on input line 17.
(pdftex.def)             Requested size: 260.1337pt x 667.63289pt.


[113

 <./Immagini/Sequence Diagrams/Condivisione/Visualizza schermata _BACHECA CONDIVISIONI_.png> <./Immagini/Sequence Diagrams/Condivisione/Visualizza schermata _DETTAGLI ARTID_ condiviso.png>]
<Immagini/Sequence Diagrams/Condivisione/Visualizza preview link ArtID.png, id=1833, 1194.81163pt x 2138.24934pt>
File: Immagini/Sequence Diagrams/Condivisione/Visualizza preview link ArtID.png Graphic file (type png)
<use Immagini/Sequence Diagrams/Condivisione/Visualizza preview link ArtID.png>
Package pdftex.def Info: Immagini/Sequence Diagrams/Condivisione/Visualizza preview link ArtID.png  used on input line 23.
(pdftex.def)             Requested size: 373.0678pt x 667.64662pt.


[114 <./Immagini/Sequence Diagrams/Condivisione/Visualizza ArtID condiviso tramite link.png>]
<Immagini/Sequence Diagrams/Condivisione/Genera link ArtID.png, id=1841, 1075.40903pt x 1956.00327pt>
File: Immagini/Sequence Diagrams/Condivisione/Genera link ArtID.png Graphic file (type png)
<use Immagini/Sequence Diagrams/Condivisione/Genera link ArtID.png>
Package pdftex.def Info: Immagini/Sequence Diagrams/Condivisione/Genera link ArtID.png  used on input line 29.
(pdftex.def)             Requested size: 367.07826pt x 667.65878pt.


[115 <./Immagini/Sequence Diagrams/Condivisione/Visualizza preview link ArtID.png>]
<Immagini/Sequence Diagrams/Condivisione/Elimina link condivisione ArtID.png, id=1848, 1102.90305pt x 2427.32935pt>
File: Immagini/Sequence Diagrams/Condivisione/Elimina link condivisione ArtID.png Graphic file (type png)
<use Immagini/Sequence Diagrams/Condivisione/Elimina link condivisione ArtID.png>
Package pdftex.def Info: Immagini/Sequence Diagrams/Condivisione/Elimina link condivisione ArtID.png  used on input line 35.
(pdftex.def)             Requested size: 303.34134pt x 667.61024pt.


[116 <./Immagini/Sequence Diagrams/Condivisione/Genera link ArtID.png>]
<Immagini/Sequence Diagrams/Condivisione/Modifica scadenza link ArtID condiviso.png, id=1855, 1153.17783pt x 1282.00696pt>
File: Immagini/Sequence Diagrams/Condivisione/Modifica scadenza link ArtID condiviso.png Graphic file (type png)
<use Immagini/Sequence Diagrams/Condivisione/Modifica scadenza link ArtID condiviso.png>
Package pdftex.def Info: Immagini/Sequence Diagrams/Condivisione/Modifica scadenza link ArtID condiviso.png  used on input line 41.
(pdftex.def)             Requested size: 432.47581pt x 480.79056pt.


[117 <./Immagini/Sequence Diagrams/Condivisione/Elimina link condivisione ArtID.png>]
<Immagini/Sequence Diagrams/Condivisione/Visualizza ArtID _Condiviso con me_.png, id=1862, 1289.07684pt x 1240.37315pt>
File: Immagini/Sequence Diagrams/Condivisione/Visualizza ArtID _Condiviso con me_.png Graphic file (type png)
<use Immagini/Sequence Diagrams/Condivisione/Visualizza ArtID _Condiviso con me_.png>
Package pdftex.def Info: Immagini/Sequence Diagrams/Condivisione/Visualizza ArtID _Condiviso con me_.png  used on input line 47.
(pdftex.def)             Requested size: 432.47777pt x 416.13797pt.


[118 <./Immagini/Sequence Diagrams/Condivisione/Modifica scadenza link ArtID condiviso.png>]
<Immagini/Sequence Diagrams/Condivisione/Crea condivisione interna ArtID.png, id=1869, 1301.64554pt x 1854.66815pt>
File: Immagini/Sequence Diagrams/Condivisione/Crea condivisione interna ArtID.png Graphic file (type png)
<use Immagini/Sequence Diagrams/Condivisione/Crea condivisione interna ArtID.png>
Package pdftex.def Info: Immagini/Sequence Diagrams/Condivisione/Crea condivisione interna ArtID.png  used on input line 53.
(pdftex.def)             Requested size: 432.48386pt x 616.23077pt.


[119 <./Immagini/Sequence Diagrams/Condivisione/Visualizza ArtID _Condiviso con me_.png>]
<Immagini/Sequence Diagrams/Condivisione/Annulla condivisione interna ArtID.png, id=1876, 937.15337pt x 1001.56793pt>
File: Immagini/Sequence Diagrams/Condivisione/Annulla condivisione interna ArtID.png Graphic file (type png)
<use Immagini/Sequence Diagrams/Condivisione/Annulla condivisione interna ArtID.png>
Package pdftex.def Info: Immagini/Sequence Diagrams/Condivisione/Annulla condivisione interna ArtID.png  used on input line 59.
(pdftex.def)             Requested size: 432.48286pt x 462.20926pt.


[120 <./Immagini/Sequence Diagrams/Condivisione/Crea condivisione interna ArtID.png>]
<Immagini/Sequence Diagrams/Condivisione/Disattiva condivisione esterna ArtID.png, id=1884, 1019.63544pt x 796.54109pt>
File: Immagini/Sequence Diagrams/Condivisione/Disattiva condivisione esterna ArtID.png Graphic file (type png)
<use Immagini/Sequence Diagrams/Condivisione/Disattiva condivisione esterna ArtID.png>
Package pdftex.def Info: Immagini/Sequence Diagrams/Condivisione/Disattiva condivisione esterna ArtID.png  used on input line 65.
(pdftex.def)             Requested size: 432.47585pt x 337.85092pt.


[121 <./Immagini/Sequence Diagrams/Condivisione/Annulla condivisione interna ArtID.png>]
<Immagini/Sequence Diagrams/Condivisione/Riattiva condivisione esterna ArtID.png, id=1891, 1012.56554pt x 780.83022pt>
File: Immagini/Sequence Diagrams/Condivisione/Riattiva condivisione esterna ArtID.png Graphic file (type png)
<use Immagini/Sequence Diagrams/Condivisione/Riattiva condivisione esterna ArtID.png>
Package pdftex.def Info: Immagini/Sequence Diagrams/Condivisione/Riattiva condivisione esterna ArtID.png  used on input line 71.
(pdftex.def)             Requested size: 432.47455pt x 333.49861pt.


[122 <./Immagini/Sequence Diagrams/Condivisione/Disattiva condivisione esterna ArtID.png>]
<Immagini/Sequence Diagrams/Condivisione/Modifica descrizione link ArtID condiviso.png, id=1898, 1009.42337pt x 808.32423pt>
File: Immagini/Sequence Diagrams/Condivisione/Modifica descrizione link ArtID condiviso.png Graphic file (type png)
<use Immagini/Sequence Diagrams/Condivisione/Modifica descrizione link ArtID condiviso.png>
Package pdftex.def Info: Immagini/Sequence Diagrams/Condivisione/Modifica descrizione link ArtID condiviso.png  used on input line 77.
(pdftex.def)             Requested size: 432.47253pt x 346.31458pt.


[123 <./Immagini/Sequence Diagrams/Condivisione/Riattiva condivisione esterna ArtID.png>]
<Immagini/Sequence Diagrams/Condivisione/Elimina ArtID _Condiviso con me_.png, id=1905, 1138.2525pt x 1093.47652pt>
File: Immagini/Sequence Diagrams/Condivisione/Elimina ArtID _Condiviso con me_.png Graphic file (type png)
<use Immagini/Sequence Diagrams/Condivisione/Elimina ArtID _Condiviso con me_.png>
Package pdftex.def Info: Immagini/Sequence Diagrams/Condivisione/Elimina ArtID _Condiviso con me_.png  used on input line 83.
(pdftex.def)             Requested size: 432.48834pt x 415.47534pt.
)

[124 <./Immagini/Sequence Diagrams/Condivisione/Modifica descrizione link ArtID condiviso.png>]

[125 <./Immagini/Sequence Diagrams/Condivisione/Elimina ArtID _Condiviso con me_.png>] (Pagine/Modelli del sistema/Modelli dinamici/Macro casi d'uso/discovery.tex
<Immagini/Sequence Diagrams/Discovery/Ricerca Membri.png, id=1918, 1262.36836pt x 1770.615pt>
File: Immagini/Sequence Diagrams/Discovery/Ricerca Membri.png Graphic file (type png)
<use Immagini/Sequence Diagrams/Discovery/Ricerca Membri.png>
Package pdftex.def Info: Immagini/Sequence Diagrams/Discovery/Ricerca Membri.png  used on input line 5.
(pdftex.def)             Requested size: 432.47414pt x 606.5941pt.
<Immagini/Sequence Diagrams/Discovery/Visualizza ArtID pubblico.png, id=1919, 1115.47174pt x 539.66837pt>
File: Immagini/Sequence Diagrams/Discovery/Visualizza ArtID pubblico.png Graphic file (type png)
<use Immagini/Sequence Diagrams/Discovery/Visualizza ArtID pubblico.png>
Package pdftex.def Info: Immagini/Sequence Diagrams/Discovery/Visualizza ArtID pubblico.png  used on input line 11.
(pdftex.def)             Requested size: 432.47913pt x 209.23462pt.
)

[126

 <./Immagini/Sequence Diagrams/Discovery/Ricerca Membri.png>]
<Immagini/Sequence Diagrams/Comunicazione DBMS fallita.png, id=1927, 932.44011pt x 1556.16164pt>
File: Immagini/Sequence Diagrams/Comunicazione DBMS fallita.png Graphic file (type png)
<use Immagini/Sequence Diagrams/Comunicazione DBMS fallita.png>
Package pdftex.def Info: Immagini/Sequence Diagrams/Comunicazione DBMS fallita.png  used on input line 18.
(pdftex.def)             Requested size: 391.62218pt x 653.58344pt.
)

[127 <./Immagini/Sequence Diagrams/Discovery/Visualizza ArtID pubblico.png>]

[128 <./Immagini/Sequence Diagrams/Comunicazione DBMS fallita.png>] (Pagine/Modelli del sistema/mockups/mockups.tex
<Immagini/mockups/Welcome Page.jpg, id=1940, 1927.2pt x 1027.84pt>
File: Immagini/mockups/Welcome Page.jpg Graphic file (type jpg)
<use Immagini/mockups/Welcome Page.jpg>
Package pdftex.def Info: Immagini/mockups/Welcome Page.jpg  used on input line 5.
(pdftex.def)             Requested size: 432.45444pt x 230.64236pt.


[129 <./Immagini/mockups/Welcome Page.jpg>]
<Immagini/mockups/Autenticazione/Register page.jpg, id=1946, 1927.2pt x 1027.84pt>
File: Immagini/mockups/Autenticazione/Register page.jpg Graphic file (type jpg)
<use Immagini/mockups/Autenticazione/Register page.jpg>
Package pdftex.def Info: Immagini/mockups/Autenticazione/Register page.jpg  used on input line 15.
(pdftex.def)             Requested size: 432.45444pt x 230.64236pt.
<Immagini/mockups/Autenticazione/Login Page.jpg, id=1947, 1927.2pt x 1027.84pt>
File: Immagini/mockups/Autenticazione/Login Page.jpg Graphic file (type jpg)
<use Immagini/mockups/Autenticazione/Login Page.jpg>
Package pdftex.def Info: Immagini/mockups/Autenticazione/Login Page.jpg  used on input line 21.
(pdftex.def)             Requested size: 432.45444pt x 230.64236pt.
<Immagini/mockups/Autenticazione/OTP Code.jpg, id=1948, 1927.2pt x 1027.84pt>
File: Immagini/mockups/Autenticazione/OTP Code.jpg Graphic file (type jpg)
<use Immagini/mockups/Autenticazione/OTP Code.jpg>
Package pdftex.def Info: Immagini/mockups/Autenticazione/OTP Code.jpg  used on input line 27.
(pdftex.def)             Requested size: 432.45444pt x 230.64236pt.


[130

 <./Immagini/mockups/Autenticazione/Register page.jpg> <./Immagini/mockups/Autenticazione/Login Page.jpg>]

[131 <./Immagini/mockups/Autenticazione/OTP Code.jpg>]
<Immagini/mockups/Gestione Profilo/Gestione profilo.jpg, id=1960, 1927.2pt x 1027.84pt>
File: Immagini/mockups/Gestione Profilo/Gestione profilo.jpg Graphic file (type jpg)
<use Immagini/mockups/Gestione Profilo/Gestione profilo.jpg>
Package pdftex.def Info: Immagini/mockups/Gestione Profilo/Gestione profilo.jpg  used on input line 37.
(pdftex.def)             Requested size: 432.45444pt x 230.64236pt.
<Immagini/mockups/Gestione Profilo/Gestione certificati.jpg, id=1961, 1927.2pt x 1027.84pt>
File: Immagini/mockups/Gestione Profilo/Gestione certificati.jpg Graphic file (type jpg)
<use Immagini/mockups/Gestione Profilo/Gestione certificati.jpg>
Package pdftex.def Info: Immagini/mockups/Gestione Profilo/Gestione certificati.jpg  used on input line 43.
(pdftex.def)             Requested size: 432.45444pt x 230.64236pt.
<Immagini/mockups/Gestione Profilo/Nuovo certificato.jpg, id=1962, 1927.2pt x 1027.84pt>
File: Immagini/mockups/Gestione Profilo/Nuovo certificato.jpg Graphic file (type jpg)
<use Immagini/mockups/Gestione Profilo/Nuovo certificato.jpg>
Package pdftex.def Info: Immagini/mockups/Gestione Profilo/Nuovo certificato.jpg  used on input line 49.
(pdftex.def)             Requested size: 432.45444pt x 230.64236pt.


[132

 <./Immagini/mockups/Gestione Profilo/Gestione profilo.jpg> <./Immagini/mockups/Gestione Profilo/Gestione certificati.jpg>]

[133 <./Immagini/mockups/Gestione Profilo/Nuovo certificato.jpg>]
<Immagini/mockups/Gestione Materiali/Materiali.jpg, id=1975, 1927.2pt x 1027.84pt>
File: Immagini/mockups/Gestione Materiali/Materiali.jpg Graphic file (type jpg)
<use Immagini/mockups/Gestione Materiali/Materiali.jpg>
Package pdftex.def Info: Immagini/mockups/Gestione Materiali/Materiali.jpg  used on input line 59.
(pdftex.def)             Requested size: 432.45444pt x 230.64236pt.
<Immagini/mockups/Gestione Materiali/Nuovo Materiale.jpg, id=1976, 1927.2pt x 1027.84pt>
File: Immagini/mockups/Gestione Materiali/Nuovo Materiale.jpg Graphic file (type jpg)
<use Immagini/mockups/Gestione Materiali/Nuovo Materiale.jpg>
Package pdftex.def Info: Immagini/mockups/Gestione Materiali/Nuovo Materiale.jpg  used on input line 65.
(pdftex.def)             Requested size: 432.45444pt x 230.64236pt.


[134

 <./Immagini/mockups/Gestione Materiali/Materiali.jpg> <./Immagini/mockups/Gestione Materiali/Nuovo Materiale.jpg>]
<Immagini/mockups/Gestione ArtID/ArtID.jpg, id=1983, 1927.2pt x 1027.84pt>
File: Immagini/mockups/Gestione ArtID/ArtID.jpg Graphic file (type jpg)
<use Immagini/mockups/Gestione ArtID/ArtID.jpg>
Package pdftex.def Info: Immagini/mockups/Gestione ArtID/ArtID.jpg  used on input line 75.
(pdftex.def)             Requested size: 432.45444pt x 230.64236pt.
<Immagini/mockups/Gestione ArtID/ArtID-1.jpg, id=1984, 1927.2pt x 1027.84pt>
File: Immagini/mockups/Gestione ArtID/ArtID-1.jpg Graphic file (type jpg)
<use Immagini/mockups/Gestione ArtID/ArtID-1.jpg>
Package pdftex.def Info: Immagini/mockups/Gestione ArtID/ArtID-1.jpg  used on input line 81.
(pdftex.def)             Requested size: 432.45444pt x 230.64236pt.
<Immagini/mockups/Gestione ArtID/Nuovo ArtID.jpg, id=1985, 1927.2pt x 1027.84pt>
File: Immagini/mockups/Gestione ArtID/Nuovo ArtID.jpg Graphic file (type jpg)
<use Immagini/mockups/Gestione ArtID/Nuovo ArtID.jpg>
Package pdftex.def Info: Immagini/mockups/Gestione ArtID/Nuovo ArtID.jpg  used on input line 87.
(pdftex.def)             Requested size: 432.45444pt x 230.64236pt.


[135

 <./Immagini/mockups/Gestione ArtID/ArtID.jpg> <./Immagini/mockups/Gestione ArtID/ArtID-1.jpg>]
<Immagini/mockups/Gestione ArtID/ArtID detail.jpg, id=1992, 1927.2pt x 1027.84pt>
File: Immagini/mockups/Gestione ArtID/ArtID detail.jpg Graphic file (type jpg)
<use Immagini/mockups/Gestione ArtID/ArtID detail.jpg>
Package pdftex.def Info: Immagini/mockups/Gestione ArtID/ArtID detail.jpg  used on input line 93.
(pdftex.def)             Requested size: 432.45444pt x 230.64236pt.
<Immagini/mockups/Gestione ArtID/ArtID aggiungi materiale.jpg, id=1993, 1927.2pt x 1027.84pt>
File: Immagini/mockups/Gestione ArtID/ArtID aggiungi materiale.jpg Graphic file (type jpg)
<use Immagini/mockups/Gestione ArtID/ArtID aggiungi materiale.jpg>
Package pdftex.def Info: Immagini/mockups/Gestione ArtID/ArtID aggiungi materiale.jpg  used on input line 99.
(pdftex.def)             Requested size: 432.45444pt x 230.64236pt.


[136 <./Immagini/mockups/Gestione ArtID/Nuovo ArtID.jpg> <./Immagini/mockups/Gestione ArtID/ArtID detail.jpg>]
<Immagini/mockups/Gestione ArtID/ArtID condividi.jpg, id=2000, 1927.2pt x 1027.84pt>
File: Immagini/mockups/Gestione ArtID/ArtID condividi.jpg Graphic file (type jpg)
<use Immagini/mockups/Gestione ArtID/ArtID condividi.jpg>
Package pdftex.def Info: Immagini/mockups/Gestione ArtID/ArtID condividi.jpg  used on input line 105.
(pdftex.def)             Requested size: 432.45444pt x 230.64236pt.
<Immagini/mockups/Gestione ArtID/ArtID preview.jpg, id=2001, 1927.2pt x 2957.0475pt>
File: Immagini/mockups/Gestione ArtID/ArtID preview.jpg Graphic file (type jpg)
<use Immagini/mockups/Gestione ArtID/ArtID preview.jpg>
Package pdftex.def Info: Immagini/mockups/Gestione ArtID/ArtID preview.jpg  used on input line 111.
(pdftex.def)             Requested size: 432.45444pt x 663.54729pt.


[137 <./Immagini/mockups/Gestione ArtID/ArtID aggiungi materiale.jpg> <./Immagini/mockups/Gestione ArtID/ArtID condividi.jpg>]

[138 <./Immagini/mockups/Gestione ArtID/ArtID preview.jpg>]
<Immagini/mockups/Condivisione/ArtID bacheca condivisoni.jpg, id=2014, 1927.2pt x 1027.84pt>
File: Immagini/mockups/Condivisione/ArtID bacheca condivisoni.jpg Graphic file (type jpg)
<use Immagini/mockups/Condivisione/ArtID bacheca condivisoni.jpg>
Package pdftex.def Info: Immagini/mockups/Condivisione/ArtID bacheca condivisoni.jpg  used on input line 121.
(pdftex.def)             Requested size: 432.45444pt x 230.64236pt.
<Immagini/mockups/Condivisione/ArtID bacheca condivisoni-1.jpg, id=2015, 1927.2pt x 1027.84pt>
File: Immagini/mockups/Condivisione/ArtID bacheca condivisoni-1.jpg Graphic file (type jpg)
<use Immagini/mockups/Condivisione/ArtID bacheca condivisoni-1.jpg>
Package pdftex.def Info: Immagini/mockups/Condivisione/ArtID bacheca condivisoni-1.jpg  used on input line 127.
(pdftex.def)             Requested size: 432.45444pt x 230.64236pt.
<Immagini/mockups/Condivisione/ArtID Ospiti.jpg, id=2016, 1927.2pt x 2957.0475pt>
File: Immagini/mockups/Condivisione/ArtID Ospiti.jpg Graphic file (type jpg)
<use Immagini/mockups/Condivisione/ArtID Ospiti.jpg>
Package pdftex.def Info: Immagini/mockups/Condivisione/ArtID Ospiti.jpg  used on input line 133.
(pdftex.def)             Requested size: 432.45444pt x 663.54729pt.


[139

 <./Immagini/mockups/Condivisione/ArtID bacheca condivisoni.jpg> <./Immagini/mockups/Condivisione/ArtID bacheca condivisoni-1.jpg>]

[140 <./Immagini/mockups/Condivisione/ArtID Ospiti.jpg>]
<Immagini/mockups/Discovery/Discovery ricerca.jpg, id=2028, 1927.2pt x 1558.82375pt>
File: Immagini/mockups/Discovery/Discovery ricerca.jpg Graphic file (type jpg)
<use Immagini/mockups/Discovery/Discovery ricerca.jpg>
Package pdftex.def Info: Immagini/mockups/Discovery/Discovery ricerca.jpg  used on input line 143.
(pdftex.def)             Requested size: 432.45444pt x 349.79257pt.
<Immagini/mockups/Discovery/Discovery profilo.jpg, id=2029, 1927.2pt x 1204.5pt>
File: Immagini/mockups/Discovery/Discovery profilo.jpg Graphic file (type jpg)
<use Immagini/mockups/Discovery/Discovery profilo.jpg>
Package pdftex.def Info: Immagini/mockups/Discovery/Discovery profilo.jpg  used on input line 149.
(pdftex.def)             Requested size: 432.45444pt x 270.28401pt.


[141

 <./Immagini/mockups/Discovery/Discovery ricerca.jpg>]

[142 <./Immagini/mockups/Discovery/Discovery profilo.jpg>]))
\openout2 = `Pagine/copyright/copyright.aux'.

 (Pagine/copyright/copyright.tex)

[143




] (RAD.aux (Pagine/Introduzione/introduzione.aux) (Pagine/Sistema attuale/sistemaAttuale.aux) (Pagine/Sistema proposto/sistemaProposto.aux) (Pagine/Modelli del sistema/modelliDelSistema.aux) (Pagine/copyright/copyright.aux))
 ***********
LaTeX2e <2025-06-01> patch level 1
L3 programming layer <2025-09-02>
 ***********
Package rerunfilecheck Info: File `RAD.out' has not changed.
(rerunfilecheck)             Checksum: 20FA8B48B01E1D458B9EB3E9CC745425;20242.
 ) 
Here is how much of TeX's memory you used:
 23233 strings out of 468130
 469068 string characters out of 5430633
 952682 words of memory out of 5000000
 50448 multiletter control sequences out of 15000+600000
 631731 words of font info for 56 fonts, out of 8000000 for 9000
 1141 hyphenation exceptions out of 8191
 84i,10n,87p,1223b,973s stack positions out of 10000i,1000n,20000p,200000b,200000s
 <C:\Users\andre\AppData\Local\MiKTeX\fonts/pk/ljfour/jknappen/ec/dpi600\tcrm1000.pk><C:/Users/andre/AppData/Local/Programs/MiKTeX/fonts/type1/public/amsfonts/cm/cmbx10.pfb><C:/Users/andre/AppData/Local/Programs/MiKTeX/fonts/type1/public/amsfonts/cm/cmbx12.pfb><C:/Users/andre/AppData/Local/Programs/MiKTeX/fonts/type1/public/amsfonts/cm/cmcsc10.pfb><C:/Users/andre/AppData/Local/Programs/MiKTeX/fonts/type1/public/amsfonts/cm/cmr10.pfb><C:/Users/andre/AppData/Local/Programs/MiKTeX/fonts/type1/public/amsfonts/cm/cmss10.pfb><C:/Users/andre/AppData/Local/Programs/MiKTeX/fonts/type1/public/amsfonts/cm/cmss9.pfb><C:/Users/andre/AppData/Local/Programs/MiKTeX/fonts/type1/public/amsfonts/cm/cmssbx10.pfb><C:/Users/andre/AppData/Local/Programs/MiKTeX/fonts/type1/public/amsfonts/cm/cmti10.pfb>
Output written on RAD.pdf (144 pages, 19205878 bytes).
PDF statistics:
 2283 PDF objects out of 2487 (max. 8388607)
 972 named destinations out of 1000 (max. 500000)
 1299 words of extra memory for PDF output out of 10000 (max. 10000000)

