\BOOKMARK [1][-]{section.1}{\376\377\000I\000n\000t\000r\000o\000d\000u\000z\000i\000o\000n\000e}{}% 1
\BOOKMARK [2][-]{subsection.1.1}{\376\377\000P\000r\000e\000s\000t\000a\000z\000i\000o\000n\000i\000\040\000e\000\040\000c\000o\000s\000t\000i}{section.1}% 2
\BOOKMARK [2][-]{subsection.1.2}{\376\377\000T\000e\000m\000p\000i\000\040\000d\000i\000\040\000r\000i\000s\000p\000o\000s\000t\000a}{section.1}% 3
\BOOKMARK [2][-]{subsection.1.3}{\376\377\000O\000v\000e\000r\000v\000i\000e\000w\000\040\000d\000e\000l\000\040\000s\000i\000s\000t\000e\000m\000a}{section.1}% 4
\BOOKMARK [2][-]{subsection.1.4}{\376\377\000S\000v\000i\000l\000u\000p\000p\000o\000\040\000F\000r\000o\000n\000t\000-\000E\000n\000d}{section.1}% 5
\BOOKMARK [3][-]{subsubsection.1.4.1}{\376\377\000L\000i\000b\000r\000e\000r\000i\000e\000\040\000F\000r\000o\000n\000t\000-\000E\000n\000d}{subsection.1.4}% 6
\BOOKMARK [2][-]{subsection.1.5}{\376\377\000S\000v\000i\000l\000u\000p\000p\000o\000\040\000B\000a\000c\000k\000-\000E\000n\000d}{section.1}% 7
\BOOKMARK [3][-]{subsubsection.1.5.1}{\376\377\000L\000i\000b\000r\000e\000r\000i\000e\000\040\000B\000a\000c\000k\000-\000E\000n\000d}{subsection.1.5}% 8
\BOOKMARK [2][-]{subsection.1.6}{\376\377\000L\000i\000n\000e\000e\000\040\000g\000u\000i\000d\000a\000\040\000p\000e\000r\000\040\000l\000a\000\040\000d\000o\000c\000u\000m\000e\000n\000t\000a\000z\000i\000o\000n\000e\000\040\000d\000e\000l\000l\000e\000\040\000i\000n\000t\000e\000r\000f\000a\000c\000c\000e}{section.1}% 9
\BOOKMARK [2][-]{subsection.1.7}{\376\377\000L\000i\000n\000e\000e\000\040\000g\000u\000i\000d\000a\000\040\000p\000e\000r\000\040\000l\000a\000\040\000d\000o\000c\000u\000m\000e\000n\000t\000a\000z\000i\000o\000n\000e\000\040\000d\000e\000l\000\040\000D\000B\000M\000S}{section.1}% 10
\BOOKMARK [2][-]{subsection.1.8}{\376\377\000L\000i\000n\000e\000e\000\040\000g\000u\000i\000d\000a\000\040\000p\000e\000r\000\040\000l\000a\000\040\000d\000o\000c\000u\000m\000e\000n\000t\000a\000z\000i\000o\000n\000e\000\040\000d\000e\000l\000l\000o\000\040\000s\000t\000o\000r\000a\000g\000e\000\040\000d\000e\000i\000\040\000f\000i\000l\000e}{section.1}% 11
\BOOKMARK [3][-]{subsubsection.1.8.1}{\376\377\000G\000e\000s\000t\000i\000o\000n\000e\000\040\000e\000\040\000S\000i\000c\000u\000r\000e\000z\000z\000a\000\040\000d\000e\000i\000\040\000F\000i\000l\000e}{subsection.1.8}% 12
\BOOKMARK [2][-]{subsection.1.9}{\376\377\000C\000o\000n\000v\000e\000n\000z\000i\000o\000n\000i\000\040\000d\000i\000\040\000N\000o\000m\000e\000n\000c\000l\000a\000t\000u\000r\000a\000\040\000e\000\040\000M\000a\000p\000p\000a\000t\000u\000r\000a\000\040\000d\000e\000l\000l\000e\000\040\000E\000n\000t\000i\000t\000\340}{section.1}% 13
\BOOKMARK [1][-]{section.2}{\376\377\000P\000a\000c\000k\000a\000g\000e\000s}{}% 14
\BOOKMARK [2][-]{subsection.2.1}{\376\377\000a\000r\000t\000i\000d\000-\000c\000l\000i\000e\000n\000t\000/\000s\000r\000c}{section.2}% 15
\BOOKMARK [3][-]{subsubsection.2.1.1}{\376\377\000r\000o\000u\000t\000e\000s}{subsection.2.1}% 16
\BOOKMARK [3][-]{subsubsection.2.1.2}{\376\377\000l\000i\000b}{subsection.2.1}% 17
\BOOKMARK [2][-]{subsection.2.2}{\376\377\000j\000a\000v\000a\000/\000a\000f\000a\000m\000/\000a\000r\000t\000i\000d\000-\000s\000e\000r\000v\000e\000r}{section.2}% 18
\BOOKMARK [3][-]{subsubsection.2.2.1}{\376\377\000c\000o\000n\000t\000r\000o\000l\000l\000e\000r}{subsection.2.2}% 19
\BOOKMARK [3][-]{subsubsection.2.2.2}{\376\377\000d\000a\000o}{subsection.2.2}% 20
\BOOKMARK [3][-]{subsubsection.2.2.3}{\376\377\000m\000o\000d\000e\000l}{subsection.2.2}% 21
\BOOKMARK [3][-]{subsubsection.2.2.4}{\376\377\000s\000e\000r\000v\000i\000c\000e}{subsection.2.2}% 22
\BOOKMARK [3][-]{subsubsection.2.2.5}{\376\377\000s\000t\000o\000r\000a\000g\000e}{subsection.2.2}% 23
\BOOKMARK [3][-]{subsubsection.2.2.6}{\376\377\000s\000e\000c\000u\000r\000i\000t\000y}{subsection.2.2}% 24
\BOOKMARK [1][-]{section.3}{\376\377\000O\000v\000e\000r\000v\000i\000e\000w\000\040\000d\000e\000l\000l\000e\000\040\000c\000l\000a\000s\000s\000i}{}% 25
\BOOKMARK [2][-]{subsection.3.1}{\376\377\000A\000u\000t\000e\000n\000t\000i\000c\000a\000z\000i\000o\000n\000e}{section.3}% 26
\BOOKMARK [2][-]{subsection.3.2}{\376\377\000G\000e\000s\000t\000i\000o\000n\000e\000\040\000P\000r\000o\000f\000i\000l\000o}{section.3}% 27
\BOOKMARK [2][-]{subsection.3.3}{\376\377\000G\000e\000s\000t\000i\000o\000n\000e\000\040\000M\000a\000t\000e\000r\000i\000a\000l\000i}{section.3}% 28
\BOOKMARK [2][-]{subsection.3.4}{\376\377\000C\000o\000n\000d\000i\000v\000i\000s\000i\000o\000n\000e}{section.3}% 29
\BOOKMARK [2][-]{subsection.3.5}{\376\377\000D\000i\000s\000c\000o\000v\000e\000r\000y}{section.3}% 30
\BOOKMARK [2][-]{subsection.3.6}{\376\377\000D\000A\000O}{section.3}% 31
\BOOKMARK [2][-]{subsection.3.7}{\376\377\000U\000I}{section.3}% 32
\BOOKMARK [2][-]{subsection.3.8}{\376\377\000E\000n\000t\000i\000t\000y}{section.3}% 33
\BOOKMARK [1][-]{section.4}{\376\377\000C\000o\000p\000y\000r\000i\000g\000h\000t\000\040\000e\000\040\000d\000i\000r\000i\000t\000t\000o\000\040\000d\000'\000a\000u\000t\000o\000r\000e}{}% 34
