\BOOKMARK [1][-]{section.1}{\376\377\000I\000n\000t\000r\000o\000d\000u\000z\000i\000o\000n\000e}{}% 1
\BOOKMARK [2][-]{subsection.1.1}{\376\377\000O\000b\000i\000e\000t\000t\000i\000v\000i\000\040\000d\000e\000l\000\040\000s\000i\000s\000t\000e\000m\000a}{section.1}% 2
\BOOKMARK [2][-]{subsection.1.2}{\376\377\000O\000b\000i\000e\000t\000t\000i\000v\000i\000\040\000d\000i\000\040\000p\000r\000o\000g\000e\000t\000t\000a\000z\000i\000o\000n\000e}{section.1}% 3
\BOOKMARK [3][-]{subsubsection.1.2.1}{\376\377\000A\000f\000f\000i\000d\000a\000b\000i\000l\000i\000t\000\340\000,\000\040\000R\000o\000b\000u\000s\000t\000e\000z\000z\000a\000\040\000e\000\040\000C\000o\000n\000t\000i\000n\000u\000i\000t\000\340\000\040\000d\000e\000l\000\040\000S\000e\000r\000v\000i\000z\000i\000o}{subsection.1.2}% 4
\BOOKMARK [3][-]{subsubsection.1.2.2}{\376\377\000S\000i\000c\000u\000r\000e\000z\000z\000a\000\040\000e\000\040\000I\000n\000t\000e\000g\000r\000i\000t\000\340\000\040\000d\000e\000i\000\040\000D\000a\000t\000i}{subsection.1.2}% 5
\BOOKMARK [3][-]{subsubsection.1.2.3}{\376\377\000P\000r\000e\000s\000t\000a\000z\000i\000o\000n\000i\000\040\000e\000d\000\040\000E\000f\000f\000i\000c\000i\000e\000n\000z\000a}{subsection.1.2}% 6
\BOOKMARK [3][-]{subsubsection.1.2.4}{\376\377\000U\000s\000a\000b\000i\000l\000i\000t\000\340\000\040\000e\000d\000\040\000E\000s\000p\000e\000r\000i\000e\000n\000z\000a\000\040\000U\000t\000e\000n\000t\000e}{subsection.1.2}% 7
\BOOKMARK [3][-]{subsubsection.1.2.5}{\376\377\000E\000s\000t\000e\000n\000d\000i\000b\000i\000l\000i\000t\000\340\000\040\000e\000\040\000M\000a\000n\000u\000t\000e\000n\000i\000b\000i\000l\000i\000t\000\340}{subsection.1.2}% 8
\BOOKMARK [2][-]{subsection.1.3}{\376\377\000D\000e\000f\000i\000n\000i\000z\000i\000o\000n\000i}{section.1}% 9
\BOOKMARK [1][-]{section.2}{\376\377\000A\000r\000c\000h\000i\000t\000e\000t\000t\000u\000r\000a\000\040\000s\000o\000f\000t\000w\000a\000r\000e\000\040\000a\000t\000t\000u\000a\000l\000e}{}% 10
\BOOKMARK [1][-]{section.3}{\376\377\000A\000r\000c\000h\000i\000t\000e\000t\000t\000u\000r\000a\000\040\000s\000o\000f\000t\000w\000a\000r\000e\000\040\000p\000r\000o\000p\000o\000s\000t\000a}{}% 11
\BOOKMARK [2][-]{subsection.3.1}{\376\377\000P\000a\000n\000o\000r\000a\000m\000i\000c\000a\000\040\000A\000r\000c\000h\000i\000t\000e\000t\000t\000u\000r\000a\000l\000e}{section.3}% 12
\BOOKMARK [3][-]{subsubsection.3.1.1}{\376\377\000D\000e\000c\000o\000m\000p\000o\000s\000i\000z\000i\000o\000n\000e\000\040\000A\000r\000c\000h\000i\000t\000e\000t\000t\000u\000r\000a\000l\000e\000\040\000i\000n\000\040\000M\000a\000c\000r\000o\000-\000S\000o\000t\000t\000o\000s\000i\000s\000t\000e\000m\000i}{subsection.3.1}% 13
\BOOKMARK [2][-]{subsection.3.2}{\376\377\000I\000d\000e\000n\000t\000i\000f\000i\000c\000a\000z\000i\000o\000n\000e\000\040\000d\000e\000i\000\040\000S\000o\000t\000t\000o\000s\000i\000s\000t\000e\000m\000i\000\040\000F\000u\000n\000z\000i\000o\000n\000a\000l\000i\000\040\000C\000r\000o\000s\000s\000-\000P\000l\000a\000t\000f\000o\000r\000m}{section.3}% 14
\BOOKMARK [2][-]{subsection.3.3}{\376\377\000D\000e\000c\000o\000m\000p\000o\000s\000i\000z\000i\000o\000n\000e\000\040\000i\000n\000\040\000S\000o\000t\000t\000o\000s\000i\000s\000t\000e\000m\000i}{section.3}% 15
\BOOKMARK [3][-]{subsubsection.3.3.1}{\376\377\000S\000o\000t\000t\000o\000s\000i\000s\000t\000e\000m\000a\000\040\000d\000i\000\040\000A\000u\000t\000e\000n\000t\000i\000c\000a\000z\000i\000o\000n\000e}{subsection.3.3}% 16
\BOOKMARK [3][-]{subsubsection.3.3.2}{\376\377\000S\000o\000t\000t\000o\000s\000i\000s\000t\000e\000m\000a\000\040\000d\000i\000\040\000G\000e\000s\000t\000i\000o\000n\000e\000\040\000P\000r\000o\000f\000i\000l\000o}{subsection.3.3}% 17
\BOOKMARK [3][-]{subsubsection.3.3.3}{\376\377\000S\000o\000t\000t\000o\000s\000i\000s\000t\000e\000m\000a\000\040\000d\000i\000\040\000G\000e\000s\000t\000i\000o\000n\000e\000\040\000M\000a\000t\000e\000r\000i\000a\000l\000i}{subsection.3.3}% 18
\BOOKMARK [3][-]{subsubsection.3.3.4}{\376\377\000S\000o\000t\000t\000o\000s\000i\000s\000t\000e\000m\000a\000\040\000d\000i\000\040\000C\000o\000n\000d\000i\000v\000i\000s\000i\000o\000n\000e}{subsection.3.3}% 19
\BOOKMARK [3][-]{subsubsection.3.3.5}{\376\377\000S\000o\000t\000t\000o\000s\000i\000s\000t\000e\000m\000a\000\040\000d\000i\000\040\000D\000i\000s\000c\000o\000v\000e\000r\000y}{subsection.3.3}% 20
\BOOKMARK [2][-]{subsection.3.4}{\376\377\000M\000a\000p\000p\000a\000t\000u\000r\000a\000\040\000d\000e\000g\000l\000i\000\040\000o\000g\000g\000e\000t\000t\000i\000\040\000n\000e\000i\000\040\000s\000o\000t\000t\000o\000s\000i\000s\000t\000e\000m\000i}{section.3}% 21
\BOOKMARK [3][-]{subsubsection.3.4.1}{\376\377\000A\000u\000t\000e\000n\000t\000i\000c\000a\000z\000i\000o\000n\000e}{subsection.3.4}% 22
\BOOKMARK [3][-]{subsubsection.3.4.2}{\376\377\000G\000e\000s\000t\000i\000o\000n\000e\000\040\000P\000r\000o\000f\000i\000l\000o}{subsection.3.4}% 23
\BOOKMARK [3][-]{subsubsection.3.4.3}{\376\377\000G\000e\000s\000t\000i\000o\000n\000e\000\040\000M\000a\000t\000e\000r\000i\000a\000l\000i}{subsection.3.4}% 24
\BOOKMARK [3][-]{subsubsection.3.4.4}{\376\377\000C\000o\000n\000d\000i\000v\000i\000s\000i\000o\000n\000e}{subsection.3.4}% 25
\BOOKMARK [3][-]{subsubsection.3.4.5}{\376\377\000D\000i\000s\000c\000o\000v\000e\000r\000y}{subsection.3.4}% 26
\BOOKMARK [2][-]{subsection.3.5}{\376\377\000M\000a\000p\000p\000a\000t\000u\000r\000a\000\040\000H\000a\000r\000d\000w\000a\000r\000e\000/\000S\000o\000f\000t\000w\000a\000r\000e}{section.3}% 27
\BOOKMARK [1][-]{section.4}{\376\377\000G\000e\000s\000t\000i\000o\000n\000e\000\040\000d\000e\000i\000\040\000D\000a\000t\000i\000\040\000P\000e\000r\000s\000i\000s\000t\000e\000n\000t\000i}{}% 28
\BOOKMARK [2][-]{subsection.4.1}{\376\377\000D\000i\000a\000g\000r\000a\000m\000m\000a\000\040\000E\000-\000R}{section.4}% 29
\BOOKMARK [2][-]{subsection.4.2}{\376\377\000S\000t\000r\000u\000t\000t\000u\000r\000a\000\040\000d\000e\000l\000l\000e\000\040\000t\000a\000b\000e\000l\000l\000e}{section.4}% 30
\BOOKMARK [3][-]{subsubsection.4.2.1}{\376\377\000U\000s\000e\000r}{subsection.4.2}% 31
\BOOKMARK [3][-]{subsubsection.4.2.2}{\376\377\000R\000e\000g\000i\000s\000t\000r\000a\000t\000i\000o\000n\000\040\000O\000T\000P}{subsection.4.2}% 32
\BOOKMARK [3][-]{subsubsection.4.2.3}{\376\377\000O\000T\000P}{subsection.4.2}% 33
\BOOKMARK [3][-]{subsubsection.4.2.4}{\376\377\000C\000e\000r\000t\000i\000f\000i\000c\000a\000t\000i\000o\000n}{subsection.4.2}% 34
\BOOKMARK [3][-]{subsubsection.4.2.5}{\376\377\000I\000n\000t\000e\000r\000n\000a\000l\000\040\000S\000h\000a\000r\000e}{subsection.4.2}% 35
\BOOKMARK [3][-]{subsubsection.4.2.6}{\376\377\000E\000x\000t\000e\000r\000n\000a\000l\000\040\000S\000h\000a\000r\000e}{subsection.4.2}% 36
\BOOKMARK [3][-]{subsubsection.4.2.7}{\376\377\000T\000a\000g}{subsection.4.2}% 37
\BOOKMARK [3][-]{subsubsection.4.2.8}{\376\377\000A\000r\000t\000I\000D\000\040\000T\000a\000g}{subsection.4.2}% 38
\BOOKMARK [3][-]{subsubsection.4.2.9}{\376\377\000A\000r\000t\000I\000D}{subsection.4.2}% 39
\BOOKMARK [3][-]{subsubsection.4.2.10}{\376\377\000A\000r\000t\000I\000D\000\040\000R\000e\000s\000o\000u\000r\000c\000e}{subsection.4.2}% 40
\BOOKMARK [3][-]{subsubsection.4.2.11}{\376\377\000R\000e\000s\000o\000u\000r\000c\000e}{subsection.4.2}% 41
\BOOKMARK [3][-]{subsubsection.4.2.12}{\376\377\000F\000i\000l\000e}{subsection.4.2}% 42
\BOOKMARK [1][-]{section.5}{\376\377\000C\000o\000p\000y\000r\000i\000g\000h\000t\000\040\000e\000\040\000d\000i\000r\000i\000t\000t\000o\000\040\000d\000'\000a\000u\000t\000o\000r\000e}{}% 43
